[debug] [2026-07-01T18:58:12.422Z] ----------------------------------------------------------------------
[debug] [2026-07-01T18:58:12.426Z] Command:       C:\Program Files\nodejs\node.exe C:\Users\belet\AppData\Roaming\npm\node_modules\firebase-tools\lib\bin\firebase.js deploy --only hosting:tdw --debug
[debug] [2026-07-01T18:58:12.427Z] CLI Version:   15.5.1
[debug] [2026-07-01T18:58:12.427Z] Platform:      win32
[debug] [2026-07-01T18:58:12.427Z] Node Version:  v25.2.1
[debug] [2026-07-01T18:58:12.427Z] Time:          Wed Jul 01 2026 21:58:12 GMT+0300 (East Africa Time)
[debug] [2026-07-01T18:58:12.427Z] ----------------------------------------------------------------------
[debug] 
[debug] [2026-07-01T18:58:16.587Z] > command requires scopes: ["email","openid","https://www.googleapis.com/auth/cloudplatformprojects.readonly","https://www.googleapis.com/auth/firebase","https://www.googleapis.com/auth/cloud-platform"]
[debug] [2026-07-01T18:58:16.589Z] > authorizing via signed-in user (beletetenaw@gmail.com)
[debug] [2026-07-01T18:58:16.589Z] [iam] checking project edwl-ethio-domesticworkerslink for permissions ["firebase.projects.get","firebasehosting.sites.update"]
[debug] [2026-07-01T18:58:16.593Z] Checked if tokens are valid: true, expires at: 1782935456602
[debug] [2026-07-01T18:58:16.593Z] Checked if tokens are valid: true, expires at: 1782935456602
[debug] [2026-07-01T18:58:16.595Z] >>> [apiv2][query] POST https://cloudresourcemanager.googleapis.com/v1/projects/edwl-ethio-domesticworkerslink:testIamPermissions [none]
[debug] [2026-07-01T18:58:16.596Z] >>> [apiv2][(partial)header] POST https://cloudresourcemanager.googleapis.com/v1/projects/edwl-ethio-domesticworkerslink:testIamPermissions  x-goog-user-project=edwl-ethio-domesticworkerslink
[debug] [2026-07-01T18:58:16.596Z] >>> [apiv2][body] POST https://cloudresourcemanager.googleapis.com/v1/projects/edwl-ethio-domesticworkerslink:testIamPermissions {"permissions":["firebase.projects.get","firebasehosting.sites.update"]}
[debug] [2026-07-01T18:58:21.336Z] <<< [apiv2][status] POST https://cloudresourcemanager.googleapis.com/v1/projects/edwl-ethio-domesticworkerslink:testIamPermissions 200
[debug] [2026-07-01T18:58:21.338Z] <<< [apiv2][body] POST https://cloudresourcemanager.googleapis.com/v1/projects/edwl-ethio-domesticworkerslink:testIamPermissions {"permissions":["firebase.projects.get","firebasehosting.sites.update"]}
[debug] [2026-07-01T18:58:21.339Z] Checked if tokens are valid: true, expires at: 1782935456602
[debug] [2026-07-01T18:58:21.343Z] Checked if tokens are valid: true, expires at: 1782935456602
[debug] [2026-07-01T18:58:21.345Z] >>> [apiv2][query] GET https://firebase.googleapis.com/v1beta1/projects/edwl-ethio-domesticworkerslink [none]
[debug] [2026-07-01T18:58:22.323Z] <<< [apiv2][status] GET https://firebase.googleapis.com/v1beta1/projects/edwl-ethio-domesticworkerslink 200
[debug] [2026-07-01T18:58:22.323Z] <<< [apiv2][body] GET https://firebase.googleapis.com/v1beta1/projects/edwl-ethio-domesticworkerslink {"projectId":"edwl-ethio-domesticworkerslink","projectNumber":"274209810616","displayName":"EDWL-Ethio DomesticWorkersLink","name":"projects/edwl-ethio-domesticworkerslink","resources":{"hostingSite":"edwl-ethio-domesticworkerslink"},"state":"ACTIVE","labels":{"firebase":"enabled"},"etag":"1_13d5a4b3-6a94-4c3b-a685-ffed82dddca3"}
[info] 
[info] === Deploying to 'edwl-ethio-domesticworkerslink'...
[info] 
[info] i  deploying hosting 
[debug] [2026-07-01T18:58:22.331Z] Checked if tokens are valid: true, expires at: 1782935456602
[debug] [2026-07-01T18:58:22.332Z] Checked if tokens are valid: true, expires at: 1782935456602
[debug] [2026-07-01T18:58:22.332Z] >>> [apiv2][query] POST https://firebasehosting.googleapis.com/v1beta1/projects/-/sites/tdw/versions [none]
[debug] [2026-07-01T18:58:22.333Z] >>> [apiv2][body] POST https://firebasehosting.googleapis.com/v1beta1/projects/-/sites/tdw/versions {"status":"CREATED","labels":{"deployment-tool":"cli-firebase"}}
[debug] [2026-07-01T18:58:28.333Z] <<< [apiv2][status] POST https://firebasehosting.googleapis.com/v1beta1/projects/-/sites/tdw/versions 200
[debug] [2026-07-01T18:58:28.334Z] <<< [apiv2][body] POST https://firebasehosting.googleapis.com/v1beta1/projects/-/sites/tdw/versions {"name":"projects/274209810616/sites/tdw/versions/b66cbfa140aea885","status":"CREATED","config":{},"labels":{"deployment-tool":"cli-firebase"}}
[info] i  hosting[tdw]: beginning deploy... 
[info] i  hosting[tdw]: found 71 files in dist 
[debug] [2026-07-01T18:58:28.387Z] [hosting] uploading with 200 concurrency
[debug] [2026-07-01T18:58:28.535Z] Checked if tokens are valid: true, expires at: 1782935456602
[debug] [2026-07-01T18:58:28.536Z] Checked if tokens are valid: true, expires at: 1782935456602
[debug] [2026-07-01T18:58:28.538Z] [hosting] hash cache [ZGlzdA] stored for 71 files
[debug] [2026-07-01T18:58:28.538Z] [hosting][hash queue][FINAL] {"max":93,"min":7,"avg":38.49295774647887,"active":0,"complete":71,"success":71,"errored":0,"retried":0,"total":71,"elapsed":110}
[debug] [2026-07-01T18:58:28.539Z] >>> [apiv2][query] POST https://firebasehosting.googleapis.com/v1beta1/projects/274209810616/sites/tdw/versions/b66cbfa140aea885:populateFiles [none]
[debug] [2026-07-01T18:58:28.539Z] >>> [apiv2][body] POST https://firebasehosting.googleapis.com/v1beta1/projects/274209810616/sites/tdw/versions/b66cbfa140aea885:populateFiles {"files":{"/sitemap.xml":"44f7ac6ae378d00af3ccf38401c525626b5d5d0fb01a79063edfd7ac6e39c885","/service-worker.js":"42db008b208b5652ba5fad93ee307e6ec3d35b32009d43c90d8e68487805c290","/robots.txt":"7d0b118ada04db04eadada8e3353c86bcba2d45f1aae54ce631e90057c8b3193","/manifest.json":"9098e9ebb2d45c626877e61a0c149cdfa4b42344799332936f328a57fd099e9d","/edwl_logo.png":"602e2541a820bb7bd58b7b5fd288fe15f0ad0c27122330e1fef2f26314b5fc21","/apple-touch-icon.png":"8bfde47911b53ee2641707874e30b176735d7250a080cf5b86ff19504900ef6f","/icons/README.md":"6e6ba4bcc8fb400fa8d727f3246ae6c706afb40f233694595320a6a9efa262af","/icons/icon-512x512.svg":"c66045905ac41c4bd909c3eecfd7a452301444a56224ff04189b14cc15607a08","/icons/icon-192x192.svg":"b03927962abe0316d9a0bce189b3c69263d8c5a60cc917ea465b55012b03337b","/icons/svg/icon-master.svg":"1944b5aad7342fdb54662bf04112eca3849e7853dcbe12dacb51ee9dbf4ae562","/icons/pwa/icon-96x96.svg":"fedaae29cd0b201e4ef2b9113d65ce39e53316d82ee01ff58bff136fa8a91279","/icons/pwa/icon-72x72.svg":"748fcbff6875616b9d3692c02198b2706e5749636579344566f10f64937957e5","/icons/pwa/icon-512x512.svg":"9fcfc1da13cabca23e11af5dbf9f1836f5f20391e02beeadf9211c32220ed7ea","/icons/pwa/icon-384x384.svg":"ae682418da322a5e6f29410d6ef60768f53753109312e94046683614dd5e20e5","/icons/pwa/icon-192x192.svg":"3a53a4c4e805b2bb6e63bab06ff2a850b4c1a07ff09af24eedfdd91e2c05abce","/icons/pwa/icon-152x152.svg":"06713bf464fae92b31dc0088b702795512217a3115cfaa1890d898f48bd438b6","/icons/pwa/icon-144x144.svg":"c59d7ab54abd288807a9119107374fa1fe1a2e87107355ed545cbe8c9e405abf","/icons/pwa/icon-128x128.svg":"5343f571e1ae5d85cd25b8028939238dc42132acdf272b888f66e1b8dc242a3d","/icons/pwa/edwl-logo-512.png":"061d2d2aec3eaa3d9b2e83284699a78e5ceb9d10a025dc76135734441dd249cc","/icons/pwa/edwl-logo-192.png":"4b4ac241c5dd22404252020ad22e0570abdb8f6005e4e6a286576a4070e1d490","/icons/favicon/icon-64x64.svg":"7d63925c9150829344f98f66c1e66c228b5aac4ef2e9ad7a93af38fa9a9400cc","/icons/favicon/icon-48x48.svg":"f2865f8029b3ca5884cce4eac06f52c2a7f77e653d2ff3eb35531304ab175c16","/icons/favicon/icon-32x32.svg":"43fcfe17d8b497b94561f97a1ff4e131f8edcdb8403a9b4e6224657766cc8075","/icons/favicon/icon-16x16.svg":"c6db1de9b5eca0ef97a0dd67ad910cf99b6d0556e2663e67e67ff7a33ef6bcdb","/icons/app/icon-512x512.svg":"eced5962dfd5db9ac09263f927eac6e77a99a84dcf9f76dad436c82b6b90a711","/icons/app/icon-256x256.svg":"8dafa173b6bf1f4489a537697cf087c02d567a2da30ed2b39bf6a7f2b5908ef3","/manifest.webmanifest":"641cb1cdb54e3358da609635b3c1b85c34edc09c544c75148b9dd2620b4dddb7","/registerSW.js":"09e15d1438017c065a3281739cb5506aeaf7b3047bc3ada992da01d4497c2d43","/sw.js":"be77e458190c8c319ca30bab865f17228a878031d2182368158630af9ba7bd75","/workbox-8c29f6e4.js":"e6bbac10a436d0fc8e8d14a3e7e59223173b23235e990cb3b8d0e71003f4da09","/index.html":"c2ca8f54b16172a7176ad1a8619d3ce01728a3f4086c3a369b1e97e91869b4d7","/assets/Wallet-CRbLVcgr.js":"a3e4ea3404c2520144e7bbbe332b6c8e7b0499540abb23208df44db0b3ff52fe","/assets/WorkerDashboardNextGen-Du-6bnl_.js":"582a63abd3a7f65ea17a75ce4d7bc619fae860c68de525f7a1fd46d0e5395435","/assets/vendor-ui-v7h7NkO5.js":"df6805f814c35219156570b9d5f3f9a975491ec0cb1a4b6da2a7a017866b13e2","/assets/validation-CXTlvV2k.js":"b5a8c787873ddd016c3dd50d74db0a494dd97c63732a840a34b48fff2c2177e4","/assets/TermsAndConditions-B1yI2vdK.js":"08730f3e19fa05ffc2eea6fa0def15de76b5232ac992206ae0111f4ae4b6caff","/assets/Safety-BRWOPVhZ.js":"d18c849b064ce7dae5937014ff9b22736176e535ef0ca33605973939e974fcd1","/assets/vendor-i18n-7nsk2Nho.js":"c32cf93a1a22571fcf4508c9e75a7b9e799896a205dc565569d97d1d5235c179","/assets/Seo-CSXTmmLR.js":"392ad2d99eec20c870a2caf9211e51cb45a1fc1e2d3a8c622d77cd4957759a1c","/assets/SmartInterview-ka7kxKph.js":"873ac74cb32df2c712cdebb56d792921e7f7980eeecd8d2ce8ddce7c0cec2abd","/assets/PrivacyPolicy-Dusko-g6.js":"7b1f5baebab28b57ca02380b73badb45638d3096b45583226619d1f4ada35ff1","/assets/RewardsDashboard-Cuoe1aU4.js":"b6bc82bc7d59b1bfe7093a2800f780ec6a9cb343e20890cdd5466d7dac2dde0e","/assets/Pricing-kqU3zA54.js":"6d7374ea7c7482ba7fc1cccafcdc63d0c6ddd16133b37b22a5b7e651da614971","/assets/Register-BxYXQTOz.js":"e6be61e9e6ce2a93efa4cdbeeb6ca00e65e066e27a7d9770349fa6a9612df02b","/assets/NotFound-Ch_rz2bk.js":"acad8a44f71d36440ae17bbe744aed7dabbc58aaedd6a52e05470f29d2c333ab","/assets/occupations-BRRV26TJ.js":"99d910585dcf2a9e5722f1e10abc37aba5a3539e8a50b135c04a3b82eca97aa6","/assets/PaymentSuccess-vjMrieeW.js":"edd44f84dd344f7d603401f64576dce5af96f4175316e4a61ffeb656e6af2f2d","/assets/Login-CderB8py.js":"deaa4970c00c6e263433dcdbc689683a55663ed3bfc06c8509e120acf2d4bde6","/assets/IntelligenceCenter-BGwImt1g.js":"eef4c5b4da72cddb7cbb24ed40eebbeec508775e1b141b81cbd61bc73b177b0d","/assets/Messages-CdY_bo47.js":"2a82b38cf1b3b89c0a1d07db2b716c1055868b16470c1569db17f2f957119880","/assets/MarketingDashboard-CrQ-1Np8.js":"8a69a58a32f992ba82baaf6af225f812df33d9fbaec77d8a54fa7364a603a3c1","/assets/ForgotPassword-zeYuPrIp.js":"e20b41998ee80e8cab588024ca73ea82d083d81d26bb585092b2ecaa50b82a54","/assets/Home-AeOdhGhk.js":"8bb2bcd9b86f0c4f2014167d500e95f160d83d8697a027764165acfbc466820c","/assets/index-Dn_27Yl7.css":"d8908bff67696e2f93059472e453edff915665d7eb13a60a2bcf764b42c0ee17","/assets/firebase-D1tTB46l.js":"b38fa886dbc5cb346c37e5349b87d84caa17072e82d5df2fdd2b84701c6117a0","/assets/EmployerDashboardNextGen-JncugNtB.js":"1942050377446a8b0a64a924a5bf2a2609708de2c0ee396fb6b5245ffc4e6861","/assets/EditProfile-Bkc9Ovfg.js":"786142c59fac302bcf23da69672e45f5a1519b3cd0fbeab9c55be9df81f8ec51","/assets/Contact--3H6VUH9.js":"85259a4a8306c423fb507720d5751adbad410aac8427587144cc7b963ca64b46","/assets/apiErrors-CesfXpGM.js":"6d29565ffb3086c58282169d81888dae3c626ed466f92725caa1c3383c848e2d","/assets/Browse-upnZrStj.js":"a885338e5c27af8e386e183a4d4bc7713004ec2e0ccb6a45f69dd435ba5234cf","/assets/BackButton-DNkheaZN.js":"7900bb867baa71811e19b18b15726aa13655ad525f0625559699d948f6526efa","/assets/AgencyDashboard-B57x1uVJ.js":"e808cb0edb50c921eda738a7df859cf7035e18514fead113d79f9e5e2d95131e","/assets/Activate-B2cistpV.js":"df66ab04c653e7001067f093fbf541390aaca749b0c62824a2d2657ea6567d84","/assets/AcademyDashboard-DABCegYH.js":"d4c911ecdc4c7a05407c0b622f82d1985ae72864b3d3f1d1ec8c1050dd2d25c8","/assets/vendor-react-CJX24euC.js":"84680bdf3473356bdf7b1976d79949337f154497c1a1631b3ead068abeed4597","/assets/About-Bw78mjGb.js":"251d73396bdde11c8f90565297c51112ba57ab05cfa87cf9f5cbb9c3139be170","/assets/Academy-CmjVj2iE.js":"3448d1072f85c9e9108792f02b97557d60d8c9a1aba7611c3c0817eaaafc4d61","/assets/vendor-firebase-DEEDnSnu.js":"e42439dc7a20f507c84029c896bed183f2c7ec5779a316e34d970e05a1756863","/assets/edwl_logo-BLdMfYBj.png":"602e2541a820bb7bd58b7b5fd288fe15f0ad0c27122330e1fef2f26314b5fc21","/assets/AdminDashboard-wJlOLznL.js":"b160f5f360c78e77840c50f688a6e9e334dd6b9f304add2e4f719c0314044f6c","/assets/index-DN3Minoy.js":"c39a8385ac4442722a4cf8bc82aecc146a0df08186aabb3373e0b5c5b1611c3f"}}
[debug] [2026-07-01T18:58:30.073Z] <<< [apiv2][status] POST https://firebasehosting.googleapis.com/v1beta1/projects/274209810616/sites/tdw/versions/b66cbfa140aea885:populateFiles 200
[debug] [2026-07-01T18:58:30.074Z] <<< [apiv2][body] POST https://firebasehosting.googleapis.com/v1beta1/projects/274209810616/sites/tdw/versions/b66cbfa140aea885:populateFiles {"uploadRequiredHashes":["b5a8c787873ddd016c3dd50d74db0a494dd97c63732a840a34b48fff2c2177e4","d4c911ecdc4c7a05407c0b622f82d1985ae72864b3d3f1d1ec8c1050dd2d25c8","c59d7ab54abd288807a9119107374fa1fe1a2e87107355ed545cbe8c9e405abf","7b1f5baebab28b57ca02380b73badb45638d3096b45583226619d1f4ada35ff1","a885338e5c27af8e386e183a4d4bc7713004ec2e0ccb6a45f69dd435ba5234cf","b38fa886dbc5cb346c37e5349b87d84caa17072e82d5df2fdd2b84701c6117a0","641cb1cdb54e3358da609635b3c1b85c34edc09c544c75148b9dd2620b4dddb7","acad8a44f71d36440ae17bbe744aed7dabbc58aaedd6a52e05470f29d2c333ab","a3e4ea3404c2520144e7bbbe332b6c8e7b0499540abb23208df44db0b3ff52fe","e808cb0edb50c921eda738a7df859cf7035e18514fead113d79f9e5e2d95131e","08730f3e19fa05ffc2eea6fa0def15de76b5232ac992206ae0111f4ae4b6caff","8a69a58a32f992ba82baaf6af225f812df33d9fbaec77d8a54fa7364a603a3c1","6d29565ffb3086c58282169d81888dae3c626ed466f92725caa1c3383c848e2d","602e2541a820bb7bd58b7b5fd288fe15f0ad0c27122330e1fef2f26314b5fc21","9fcfc1da13cabca23e11af5dbf9f1836f5f20391e02beeadf9211c32220ed7ea","4b4ac241c5dd22404252020ad22e0570abdb8f6005e4e6a286576a4070e1d490","e42439dc7a20f507c84029c896bed183f2c7ec5779a316e34d970e05a1756863","873ac74cb32df2c712cdebb56d792921e7f7980eeecd8d2ce8ddce7c0cec2abd","ae682418da322a5e6f29410d6ef60768f53753109312e94046683614dd5e20e5","7d0b118ada04db04eadada8e3353c86bcba2d45f1aae54ce631e90057c8b3193","061d2d2aec3eaa3d9b2e83284699a78e5ceb9d10a025dc76135734441dd249cc","c32cf93a1a22571fcf4508c9e75a7b9e799896a205dc565569d97d1d5235c179","8dafa173b6bf1f4489a537697cf087c02d567a2da30ed2b39bf6a7f2b5908ef3","2a82b38cf1b3b89c0a1d07db2b716c1055868b16470c1569db17f2f957119880","44f7ac6ae378d00af3ccf38401c525626b5d5d0fb01a79063edfd7ac6e39c885","84680bdf3473356bdf7b1976d79949337f154497c1a1631b3ead068abeed4597","251d73396bdde11c8f90565297c51112ba57ab05cfa87cf9f5cbb9c3139be170","e6be61e9e6ce2a93efa4cdbeeb6ca00e65e066e27a7d9770349fa6a9612df02b","c2ca8f54b16172a7176ad1a8619d3ce01728a3f4086c3a369b1e97e91869b4d7","c6db1de9b5eca0ef97a0dd67ad910cf99b6d0556e2663e67e67ff7a33ef6bcdb","3448d1072f85c9e9108792f02b97557d60d8c9a1aba7611c3c0817eaaafc4d61","06713bf464fae92b31dc0088b702795512217a3115cfaa1890d898f48bd438b6","8bfde47911b53ee2641707874e30b176735d7250a080cf5b86ff19504900ef6f","e6bbac10a436d0fc8e8d14a3e7e59223173b23235e990cb3b8d0e71003f4da09","3a53a4c4e805b2bb6e63bab06ff2a850b4c1a07ff09af24eedfdd91e2c05abce","c39a8385ac4442722a4cf8bc82aecc146a0df08186aabb3373e0b5c5b1611c3f","7d63925c9150829344f98f66c1e66c228b5aac4ef2e9ad7a93af38fa9a9400cc","df66ab04c653e7001067f093fbf541390aaca749b0c62824a2d2657ea6567d84","c66045905ac41c4bd909c3eecfd7a452301444a56224ff04189b14cc15607a08","786142c59fac302bcf23da69672e45f5a1519b3cd0fbeab9c55be9df81f8ec51","8bb2bcd9b86f0c4f2014167d500e95f160d83d8697a027764165acfbc466820c","fedaae29cd0b201e4ef2b9113d65ce39e53316d82ee01ff58bff136fa8a91279","b160f5f360c78e77840c50f688a6e9e334dd6b9f304add2e4f719c0314044f6c","6d7374ea7c7482ba7fc1cccafcdc63d0c6ddd16133b37b22a5b7e651da614971","b6bc82bc7d59b1bfe7093a2800f780ec6a9cb343e20890cdd5466d7dac2dde0e","eef4c5b4da72cddb7cbb24ed40eebbeec508775e1b141b81cbd61bc73b177b0d","42db008b208b5652ba5fad93ee307e6ec3d35b32009d43c90d8e68487805c290","99d910585dcf2a9e5722f1e10abc37aba5a3539e8a50b135c04a3b82eca97aa6","d18c849b064ce7dae5937014ff9b22736176e535ef0ca33605973939e974fcd1","edd44f84dd344f7d603401f64576dce5af96f4175316e4a61ffeb656e6af2f2d","e20b41998ee80e8cab588024ca73ea82d083d81d26bb585092b2ecaa50b82a54"],"uploadUrl":"https://upload-firebasehosting.googleapis.com/upload/sites/tdw/versions/b66cbfa140aea885/files"}
[debug] [2026-07-01T18:58:30.076Z] Checked if tokens are valid: true, expires at: 1782935456602
[debug] [2026-07-01T18:58:30.077Z] Checked if tokens are valid: true, expires at: 1782935456602
[debug] [2026-07-01T18:58:30.077Z] Checked if tokens are valid: true, expires at: 1782935456602
[debug] [2026-07-01T18:58:30.078Z] Checked if tokens are valid: true, expires at: 1782935456602
[debug] [2026-07-01T18:58:30.078Z] Checked if tokens are valid: true, expires at: 1782935456602
[debug] [2026-07-01T18:58:30.078Z] Checked if tokens are valid: true, expires at: 1782935456602
[debug] [2026-07-01T18:58:30.078Z] Checked if tokens are valid: true, expires at: 1782935456602
[debug] [2026-07-01T18:58:30.079Z] Checked if tokens are valid: true, expires at: 1782935456602
[debug] [2026-07-01T18:58:30.079Z] Checked if tokens are valid: true, expires at: 1782935456602
[debug] [2026-07-01T18:58:30.079Z] Checked if tokens are valid: true, expires at: 1782935456602
[debug] [2026-07-01T18:58:30.080Z] Checked if tokens are valid: true, expires at: 1782935456602
[debug] [2026-07-01T18:58:30.080Z] Checked if tokens are valid: true, expires at: 1782935456602
[debug] [2026-07-01T18:58:30.080Z] Checked if tokens are valid: true, expires at: 1782935456602
[debug] [2026-07-01T18:58:30.081Z] Checked if tokens are valid: true, expires at: 1782935456602
[debug] [2026-07-01T18:58:30.082Z] Checked if tokens are valid: true, expires at: 1782935456602
[debug] [2026-07-01T18:58:30.083Z] Checked if tokens are valid: true, expires at: 1782935456602
[debug] [2026-07-01T18:58:30.083Z] Checked if tokens are valid: true, expires at: 1782935456602
[debug] [2026-07-01T18:58:30.088Z] Checked if tokens are valid: true, expires at: 1782935456602
[debug] [2026-07-01T18:58:30.089Z] Checked if tokens are valid: true, expires at: 1782935456602
[debug] [2026-07-01T18:58:30.090Z] Checked if tokens are valid: true, expires at: 1782935456602
[debug] [2026-07-01T18:58:30.090Z] Checked if tokens are valid: true, expires at: 1782935456602
[debug] [2026-07-01T18:58:30.091Z] Checked if tokens are valid: true, expires at: 1782935456602
[debug] [2026-07-01T18:58:30.092Z] Checked if tokens are valid: true, expires at: 1782935456602
[debug] [2026-07-01T18:58:30.094Z] Checked if tokens are valid: true, expires at: 1782935456602
[debug] [2026-07-01T18:58:30.094Z] Checked if tokens are valid: true, expires at: 1782935456602
[debug] [2026-07-01T18:58:30.096Z] Checked if tokens are valid: true, expires at: 1782935456602
[debug] [2026-07-01T18:58:30.096Z] Checked if tokens are valid: true, expires at: 1782935456602
[debug] [2026-07-01T18:58:30.097Z] Checked if tokens are valid: true, expires at: 1782935456602
[debug] [2026-07-01T18:58:30.098Z] Checked if tokens are valid: true, expires at: 1782935456602
[debug] [2026-07-01T18:58:30.098Z] Checked if tokens are valid: true, expires at: 1782935456602
[debug] [2026-07-01T18:58:30.099Z] Checked if tokens are valid: true, expires at: 1782935456602
[debug] [2026-07-01T18:58:30.100Z] Checked if tokens are valid: true, expires at: 1782935456602
[debug] [2026-07-01T18:58:30.102Z] Checked if tokens are valid: true, expires at: 1782935456602
[debug] [2026-07-01T18:58:30.103Z] Checked if tokens are valid: true, expires at: 1782935456602
[debug] [2026-07-01T18:58:30.104Z] Checked if tokens are valid: true, expires at: 1782935456602
[debug] [2026-07-01T18:58:30.104Z] Checked if tokens are valid: true, expires at: 1782935456602
[debug] [2026-07-01T18:58:30.104Z] Checked if tokens are valid: true, expires at: 1782935456602
[debug] [2026-07-01T18:58:30.105Z] Checked if tokens are valid: true, expires at: 1782935456602
[debug] [2026-07-01T18:58:30.109Z] Checked if tokens are valid: true, expires at: 1782935456602
[debug] [2026-07-01T18:58:30.113Z] Checked if tokens are valid: true, expires at: 1782935456602
[debug] [2026-07-01T18:58:30.116Z] Checked if tokens are valid: true, expires at: 1782935456602
[debug] [2026-07-01T18:58:30.117Z] Checked if tokens are valid: true, expires at: 1782935456602
[debug] [2026-07-01T18:58:30.118Z] Checked if tokens are valid: true, expires at: 1782935456602
[debug] [2026-07-01T18:58:30.118Z] Checked if tokens are valid: true, expires at: 1782935456602
[debug] [2026-07-01T18:58:30.119Z] Checked if tokens are valid: true, expires at: 1782935456602
[debug] [2026-07-01T18:58:30.119Z] Checked if tokens are valid: true, expires at: 1782935456602
[debug] [2026-07-01T18:58:30.120Z] Checked if tokens are valid: true, expires at: 1782935456602
[debug] [2026-07-01T18:58:30.120Z] Checked if tokens are valid: true, expires at: 1782935456602
[debug] [2026-07-01T18:58:30.120Z] Checked if tokens are valid: true, expires at: 1782935456602
[debug] [2026-07-01T18:58:30.121Z] Checked if tokens are valid: true, expires at: 1782935456602
[debug] [2026-07-01T18:58:30.121Z] Checked if tokens are valid: true, expires at: 1782935456602
[debug] [2026-07-01T18:58:30.122Z] Checked if tokens are valid: true, expires at: 1782935456602
[debug] [2026-07-01T18:58:30.122Z] Checked if tokens are valid: true, expires at: 1782935456602
[debug] [2026-07-01T18:58:30.123Z] Checked if tokens are valid: true, expires at: 1782935456602
[debug] [2026-07-01T18:58:30.123Z] Checked if tokens are valid: true, expires at: 1782935456602
[debug] [2026-07-01T18:58:30.123Z] Checked if tokens are valid: true, expires at: 1782935456602
[debug] [2026-07-01T18:58:30.124Z] Checked if tokens are valid: true, expires at: 1782935456602
[debug] [2026-07-01T18:58:30.125Z] Checked if tokens are valid: true, expires at: 1782935456602
[debug] [2026-07-01T18:58:30.126Z] Checked if tokens are valid: true, expires at: 1782935456602
[debug] [2026-07-01T18:58:30.126Z] Checked if tokens are valid: true, expires at: 1782935456602
[debug] [2026-07-01T18:58:30.127Z] Checked if tokens are valid: true, expires at: 1782935456602
[debug] [2026-07-01T18:58:30.127Z] Checked if tokens are valid: true, expires at: 1782935456602
[debug] [2026-07-01T18:58:30.128Z] Checked if tokens are valid: true, expires at: 1782935456602
[debug] [2026-07-01T18:58:30.128Z] Checked if tokens are valid: true, expires at: 1782935456602
[debug] [2026-07-01T18:58:30.129Z] Checked if tokens are valid: true, expires at: 1782935456602
[debug] [2026-07-01T18:58:30.129Z] Checked if tokens are valid: true, expires at: 1782935456602
[debug] [2026-07-01T18:58:30.130Z] Checked if tokens are valid: true, expires at: 1782935456602
[debug] [2026-07-01T18:58:30.131Z] Checked if tokens are valid: true, expires at: 1782935456602
[debug] [2026-07-01T18:58:30.131Z] Checked if tokens are valid: true, expires at: 1782935456602
[debug] [2026-07-01T18:58:30.132Z] Checked if tokens are valid: true, expires at: 1782935456602
[debug] [2026-07-01T18:58:30.133Z] Checked if tokens are valid: true, expires at: 1782935456602
[debug] [2026-07-01T18:58:30.134Z] Checked if tokens are valid: true, expires at: 1782935456602
[debug] [2026-07-01T18:58:30.135Z] Checked if tokens are valid: true, expires at: 1782935456602
[debug] [2026-07-01T18:58:30.135Z] Checked if tokens are valid: true, expires at: 1782935456602
[debug] [2026-07-01T18:58:30.136Z] Checked if tokens are valid: true, expires at: 1782935456602
[debug] [2026-07-01T18:58:30.136Z] Checked if tokens are valid: true, expires at: 1782935456602
[debug] [2026-07-01T18:58:30.137Z] Checked if tokens are valid: true, expires at: 1782935456602
[debug] [2026-07-01T18:58:30.137Z] Checked if tokens are valid: true, expires at: 1782935456602
[debug] [2026-07-01T18:58:30.138Z] Checked if tokens are valid: true, expires at: 1782935456602
[debug] [2026-07-01T18:58:30.141Z] Checked if tokens are valid: true, expires at: 1782935456602
[debug] [2026-07-01T18:58:30.146Z] Checked if tokens are valid: true, expires at: 1782935456602
[debug] [2026-07-01T18:58:30.148Z] Checked if tokens are valid: true, expires at: 1782935456602
[debug] [2026-07-01T18:58:30.148Z] Checked if tokens are valid: true, expires at: 1782935456602
[debug] [2026-07-01T18:58:30.149Z] Checked if tokens are valid: true, expires at: 1782935456602
[debug] [2026-07-01T18:58:30.149Z] Checked if tokens are valid: true, expires at: 1782935456602
[debug] [2026-07-01T18:58:30.150Z] Checked if tokens are valid: true, expires at: 1782935456602
[debug] [2026-07-01T18:58:30.150Z] Checked if tokens are valid: true, expires at: 1782935456602
[debug] [2026-07-01T18:58:30.150Z] Checked if tokens are valid: true, expires at: 1782935456602
[debug] [2026-07-01T18:58:30.151Z] Checked if tokens are valid: true, expires at: 1782935456602
[debug] [2026-07-01T18:58:30.152Z] Checked if tokens are valid: true, expires at: 1782935456602
[debug] [2026-07-01T18:58:30.152Z] Checked if tokens are valid: true, expires at: 1782935456602
[debug] [2026-07-01T18:58:30.153Z] Checked if tokens are valid: true, expires at: 1782935456602
[debug] [2026-07-01T18:58:30.153Z] Checked if tokens are valid: true, expires at: 1782935456602
[debug] [2026-07-01T18:58:30.153Z] Checked if tokens are valid: true, expires at: 1782935456602
[debug] [2026-07-01T18:58:30.154Z] Checked if tokens are valid: true, expires at: 1782935456602
[debug] [2026-07-01T18:58:30.154Z] Checked if tokens are valid: true, expires at: 1782935456602
[debug] [2026-07-01T18:58:30.154Z] Checked if tokens are valid: true, expires at: 1782935456602
[debug] [2026-07-01T18:58:30.154Z] Checked if tokens are valid: true, expires at: 1782935456602
[debug] [2026-07-01T18:58:30.155Z] Checked if tokens are valid: true, expires at: 1782935456602
[debug] [2026-07-01T18:58:30.155Z] Checked if tokens are valid: true, expires at: 1782935456602
[debug] [2026-07-01T18:58:30.156Z] Checked if tokens are valid: true, expires at: 1782935456602
[debug] [2026-07-01T18:58:30.156Z] Checked if tokens are valid: true, expires at: 1782935456602
[debug] [2026-07-01T18:58:30.157Z] >>> [apiv2][query] POST https://upload-firebasehosting.googleapis.com/upload/sites/tdw/versions/b66cbfa140aea885/files/b5a8c787873ddd016c3dd50d74db0a494dd97c63732a840a34b48fff2c2177e4 [none]
[debug] [2026-07-01T18:58:30.157Z] >>> [apiv2][body] POST https://upload-firebasehosting.googleapis.com/upload/sites/tdw/versions/b66cbfa140aea885/files/b5a8c787873ddd016c3dd50d74db0a494dd97c63732a840a34b48fff2c2177e4 [stream]
[debug] [2026-07-01T18:58:30.162Z] >>> [apiv2][query] POST https://upload-firebasehosting.googleapis.com/upload/sites/tdw/versions/b66cbfa140aea885/files/d4c911ecdc4c7a05407c0b622f82d1985ae72864b3d3f1d1ec8c1050dd2d25c8 [none]
[debug] [2026-07-01T18:58:30.163Z] >>> [apiv2][body] POST https://upload-firebasehosting.googleapis.com/upload/sites/tdw/versions/b66cbfa140aea885/files/d4c911ecdc4c7a05407c0b622f82d1985ae72864b3d3f1d1ec8c1050dd2d25c8 [stream]
[debug] [2026-07-01T18:58:30.165Z] >>> [apiv2][query] POST https://upload-firebasehosting.googleapis.com/upload/sites/tdw/versions/b66cbfa140aea885/files/c59d7ab54abd288807a9119107374fa1fe1a2e87107355ed545cbe8c9e405abf [none]
[debug] [2026-07-01T18:58:30.165Z] >>> [apiv2][body] POST https://upload-firebasehosting.googleapis.com/upload/sites/tdw/versions/b66cbfa140aea885/files/c59d7ab54abd288807a9119107374fa1fe1a2e87107355ed545cbe8c9e405abf [stream]
[debug] [2026-07-01T18:58:30.168Z] >>> [apiv2][query] POST https://upload-firebasehosting.googleapis.com/upload/sites/tdw/versions/b66cbfa140aea885/files/7b1f5baebab28b57ca02380b73badb45638d3096b45583226619d1f4ada35ff1 [none]
[debug] [2026-07-01T18:58:30.168Z] >>> [apiv2][body] POST https://upload-firebasehosting.googleapis.com/upload/sites/tdw/versions/b66cbfa140aea885/files/7b1f5baebab28b57ca02380b73badb45638d3096b45583226619d1f4ada35ff1 [stream]
[debug] [2026-07-01T18:58:30.170Z] >>> [apiv2][query] POST https://upload-firebasehosting.googleapis.com/upload/sites/tdw/versions/b66cbfa140aea885/files/a885338e5c27af8e386e183a4d4bc7713004ec2e0ccb6a45f69dd435ba5234cf [none]
[debug] [2026-07-01T18:58:30.171Z] >>> [apiv2][body] POST https://upload-firebasehosting.googleapis.com/upload/sites/tdw/versions/b66cbfa140aea885/files/a885338e5c27af8e386e183a4d4bc7713004ec2e0ccb6a45f69dd435ba5234cf [stream]
[debug] [2026-07-01T18:58:30.173Z] >>> [apiv2][query] POST https://upload-firebasehosting.googleapis.com/upload/sites/tdw/versions/b66cbfa140aea885/files/b38fa886dbc5cb346c37e5349b87d84caa17072e82d5df2fdd2b84701c6117a0 [none]
[debug] [2026-07-01T18:58:30.173Z] >>> [apiv2][body] POST https://upload-firebasehosting.googleapis.com/upload/sites/tdw/versions/b66cbfa140aea885/files/b38fa886dbc5cb346c37e5349b87d84caa17072e82d5df2fdd2b84701c6117a0 [stream]
[debug] [2026-07-01T18:58:30.177Z] >>> [apiv2][query] POST https://upload-firebasehosting.googleapis.com/upload/sites/tdw/versions/b66cbfa140aea885/files/641cb1cdb54e3358da609635b3c1b85c34edc09c544c75148b9dd2620b4dddb7 [none]
[debug] [2026-07-01T18:58:30.178Z] >>> [apiv2][body] POST https://upload-firebasehosting.googleapis.com/upload/sites/tdw/versions/b66cbfa140aea885/files/641cb1cdb54e3358da609635b3c1b85c34edc09c544c75148b9dd2620b4dddb7 [stream]
[debug] [2026-07-01T18:58:30.181Z] >>> [apiv2][query] POST https://upload-firebasehosting.googleapis.com/upload/sites/tdw/versions/b66cbfa140aea885/files/acad8a44f71d36440ae17bbe744aed7dabbc58aaedd6a52e05470f29d2c333ab [none]
[debug] [2026-07-01T18:58:30.181Z] >>> [apiv2][body] POST https://upload-firebasehosting.googleapis.com/upload/sites/tdw/versions/b66cbfa140aea885/files/acad8a44f71d36440ae17bbe744aed7dabbc58aaedd6a52e05470f29d2c333ab [stream]
[debug] [2026-07-01T18:58:30.183Z] >>> [apiv2][query] POST https://upload-firebasehosting.googleapis.com/upload/sites/tdw/versions/b66cbfa140aea885/files/a3e4ea3404c2520144e7bbbe332b6c8e7b0499540abb23208df44db0b3ff52fe [none]
[debug] [2026-07-01T18:58:30.183Z] >>> [apiv2][body] POST https://upload-firebasehosting.googleapis.com/upload/sites/tdw/versions/b66cbfa140aea885/files/a3e4ea3404c2520144e7bbbe332b6c8e7b0499540abb23208df44db0b3ff52fe [stream]
[debug] [2026-07-01T18:58:30.185Z] >>> [apiv2][query] POST https://upload-firebasehosting.googleapis.com/upload/sites/tdw/versions/b66cbfa140aea885/files/e808cb0edb50c921eda738a7df859cf7035e18514fead113d79f9e5e2d95131e [none]
[debug] [2026-07-01T18:58:30.185Z] >>> [apiv2][body] POST https://upload-firebasehosting.googleapis.com/upload/sites/tdw/versions/b66cbfa140aea885/files/e808cb0edb50c921eda738a7df859cf7035e18514fead113d79f9e5e2d95131e [stream]
[debug] [2026-07-01T18:58:30.187Z] >>> [apiv2][query] POST https://upload-firebasehosting.googleapis.com/upload/sites/tdw/versions/b66cbfa140aea885/files/08730f3e19fa05ffc2eea6fa0def15de76b5232ac992206ae0111f4ae4b6caff [none]
[debug] [2026-07-01T18:58:30.187Z] >>> [apiv2][body] POST https://upload-firebasehosting.googleapis.com/upload/sites/tdw/versions/b66cbfa140aea885/files/08730f3e19fa05ffc2eea6fa0def15de76b5232ac992206ae0111f4ae4b6caff [stream]
[debug] [2026-07-01T18:58:30.189Z] >>> [apiv2][query] POST https://upload-firebasehosting.googleapis.com/upload/sites/tdw/versions/b66cbfa140aea885/files/8a69a58a32f992ba82baaf6af225f812df33d9fbaec77d8a54fa7364a603a3c1 [none]
[debug] [2026-07-01T18:58:30.190Z] >>> [apiv2][body] POST https://upload-firebasehosting.googleapis.com/upload/sites/tdw/versions/b66cbfa140aea885/files/8a69a58a32f992ba82baaf6af225f812df33d9fbaec77d8a54fa7364a603a3c1 [stream]
[debug] [2026-07-01T18:58:30.192Z] >>> [apiv2][query] POST https://upload-firebasehosting.googleapis.com/upload/sites/tdw/versions/b66cbfa140aea885/files/6d29565ffb3086c58282169d81888dae3c626ed466f92725caa1c3383c848e2d [none]
[debug] [2026-07-01T18:58:30.192Z] >>> [apiv2][body] POST https://upload-firebasehosting.googleapis.com/upload/sites/tdw/versions/b66cbfa140aea885/files/6d29565ffb3086c58282169d81888dae3c626ed466f92725caa1c3383c848e2d [stream]
[debug] [2026-07-01T18:58:30.194Z] >>> [apiv2][query] POST https://upload-firebasehosting.googleapis.com/upload/sites/tdw/versions/b66cbfa140aea885/files/602e2541a820bb7bd58b7b5fd288fe15f0ad0c27122330e1fef2f26314b5fc21 [none]
[debug] [2026-07-01T18:58:30.195Z] >>> [apiv2][body] POST https://upload-firebasehosting.googleapis.com/upload/sites/tdw/versions/b66cbfa140aea885/files/602e2541a820bb7bd58b7b5fd288fe15f0ad0c27122330e1fef2f26314b5fc21 [stream]
[debug] [2026-07-01T18:58:30.197Z] >>> [apiv2][query] POST https://upload-firebasehosting.googleapis.com/upload/sites/tdw/versions/b66cbfa140aea885/files/9fcfc1da13cabca23e11af5dbf9f1836f5f20391e02beeadf9211c32220ed7ea [none]
[debug] [2026-07-01T18:58:30.197Z] >>> [apiv2][body] POST https://upload-firebasehosting.googleapis.com/upload/sites/tdw/versions/b66cbfa140aea885/files/9fcfc1da13cabca23e11af5dbf9f1836f5f20391e02beeadf9211c32220ed7ea [stream]
[debug] [2026-07-01T18:58:30.199Z] >>> [apiv2][query] POST https://upload-firebasehosting.googleapis.com/upload/sites/tdw/versions/b66cbfa140aea885/files/4b4ac241c5dd22404252020ad22e0570abdb8f6005e4e6a286576a4070e1d490 [none]
[debug] [2026-07-01T18:58:30.199Z] >>> [apiv2][body] POST https://upload-firebasehosting.googleapis.com/upload/sites/tdw/versions/b66cbfa140aea885/files/4b4ac241c5dd22404252020ad22e0570abdb8f6005e4e6a286576a4070e1d490 [stream]
[debug] [2026-07-01T18:58:30.201Z] >>> [apiv2][query] POST https://upload-firebasehosting.googleapis.com/upload/sites/tdw/versions/b66cbfa140aea885/files/e42439dc7a20f507c84029c896bed183f2c7ec5779a316e34d970e05a1756863 [none]
[debug] [2026-07-01T18:58:30.201Z] >>> [apiv2][body] POST https://upload-firebasehosting.googleapis.com/upload/sites/tdw/versions/b66cbfa140aea885/files/e42439dc7a20f507c84029c896bed183f2c7ec5779a316e34d970e05a1756863 [stream]
[debug] [2026-07-01T18:58:30.206Z] >>> [apiv2][query] POST https://upload-firebasehosting.googleapis.com/upload/sites/tdw/versions/b66cbfa140aea885/files/873ac74cb32df2c712cdebb56d792921e7f7980eeecd8d2ce8ddce7c0cec2abd [none]
[debug] [2026-07-01T18:58:30.207Z] >>> [apiv2][body] POST https://upload-firebasehosting.googleapis.com/upload/sites/tdw/versions/b66cbfa140aea885/files/873ac74cb32df2c712cdebb56d792921e7f7980eeecd8d2ce8ddce7c0cec2abd [stream]
[debug] [2026-07-01T18:58:30.209Z] >>> [apiv2][query] POST https://upload-firebasehosting.googleapis.com/upload/sites/tdw/versions/b66cbfa140aea885/files/ae682418da322a5e6f29410d6ef60768f53753109312e94046683614dd5e20e5 [none]
[debug] [2026-07-01T18:58:30.209Z] >>> [apiv2][body] POST https://upload-firebasehosting.googleapis.com/upload/sites/tdw/versions/b66cbfa140aea885/files/ae682418da322a5e6f29410d6ef60768f53753109312e94046683614dd5e20e5 [stream]
[debug] [2026-07-01T18:58:30.212Z] >>> [apiv2][query] POST https://upload-firebasehosting.googleapis.com/upload/sites/tdw/versions/b66cbfa140aea885/files/7d0b118ada04db04eadada8e3353c86bcba2d45f1aae54ce631e90057c8b3193 [none]
[debug] [2026-07-01T18:58:30.212Z] >>> [apiv2][body] POST https://upload-firebasehosting.googleapis.com/upload/sites/tdw/versions/b66cbfa140aea885/files/7d0b118ada04db04eadada8e3353c86bcba2d45f1aae54ce631e90057c8b3193 [stream]
[debug] [2026-07-01T18:58:30.214Z] >>> [apiv2][query] POST https://upload-firebasehosting.googleapis.com/upload/sites/tdw/versions/b66cbfa140aea885/files/061d2d2aec3eaa3d9b2e83284699a78e5ceb9d10a025dc76135734441dd249cc [none]
[debug] [2026-07-01T18:58:30.215Z] >>> [apiv2][body] POST https://upload-firebasehosting.googleapis.com/upload/sites/tdw/versions/b66cbfa140aea885/files/061d2d2aec3eaa3d9b2e83284699a78e5ceb9d10a025dc76135734441dd249cc [stream]
[debug] [2026-07-01T18:58:30.217Z] >>> [apiv2][query] POST https://upload-firebasehosting.googleapis.com/upload/sites/tdw/versions/b66cbfa140aea885/files/c32cf93a1a22571fcf4508c9e75a7b9e799896a205dc565569d97d1d5235c179 [none]
[debug] [2026-07-01T18:58:30.219Z] >>> [apiv2][body] POST https://upload-firebasehosting.googleapis.com/upload/sites/tdw/versions/b66cbfa140aea885/files/c32cf93a1a22571fcf4508c9e75a7b9e799896a205dc565569d97d1d5235c179 [stream]
[debug] [2026-07-01T18:58:30.225Z] >>> [apiv2][query] POST https://upload-firebasehosting.googleapis.com/upload/sites/tdw/versions/b66cbfa140aea885/files/8dafa173b6bf1f4489a537697cf087c02d567a2da30ed2b39bf6a7f2b5908ef3 [none]
[debug] [2026-07-01T18:58:30.226Z] >>> [apiv2][body] POST https://upload-firebasehosting.googleapis.com/upload/sites/tdw/versions/b66cbfa140aea885/files/8dafa173b6bf1f4489a537697cf087c02d567a2da30ed2b39bf6a7f2b5908ef3 [stream]
[debug] [2026-07-01T18:58:30.228Z] >>> [apiv2][query] POST https://upload-firebasehosting.googleapis.com/upload/sites/tdw/versions/b66cbfa140aea885/files/2a82b38cf1b3b89c0a1d07db2b716c1055868b16470c1569db17f2f957119880 [none]
[debug] [2026-07-01T18:58:30.228Z] >>> [apiv2][body] POST https://upload-firebasehosting.googleapis.com/upload/sites/tdw/versions/b66cbfa140aea885/files/2a82b38cf1b3b89c0a1d07db2b716c1055868b16470c1569db17f2f957119880 [stream]
[debug] [2026-07-01T18:58:30.230Z] >>> [apiv2][query] POST https://upload-firebasehosting.googleapis.com/upload/sites/tdw/versions/b66cbfa140aea885/files/44f7ac6ae378d00af3ccf38401c525626b5d5d0fb01a79063edfd7ac6e39c885 [none]
[debug] [2026-07-01T18:58:30.231Z] >>> [apiv2][body] POST https://upload-firebasehosting.googleapis.com/upload/sites/tdw/versions/b66cbfa140aea885/files/44f7ac6ae378d00af3ccf38401c525626b5d5d0fb01a79063edfd7ac6e39c885 [stream]
[debug] [2026-07-01T18:58:30.233Z] >>> [apiv2][query] POST https://upload-firebasehosting.googleapis.com/upload/sites/tdw/versions/b66cbfa140aea885/files/84680bdf3473356bdf7b1976d79949337f154497c1a1631b3ead068abeed4597 [none]
[debug] [2026-07-01T18:58:30.234Z] >>> [apiv2][body] POST https://upload-firebasehosting.googleapis.com/upload/sites/tdw/versions/b66cbfa140aea885/files/84680bdf3473356bdf7b1976d79949337f154497c1a1631b3ead068abeed4597 [stream]
[debug] [2026-07-01T18:58:30.236Z] >>> [apiv2][query] POST https://upload-firebasehosting.googleapis.com/upload/sites/tdw/versions/b66cbfa140aea885/files/251d73396bdde11c8f90565297c51112ba57ab05cfa87cf9f5cbb9c3139be170 [none]
[debug] [2026-07-01T18:58:30.237Z] >>> [apiv2][body] POST https://upload-firebasehosting.googleapis.com/upload/sites/tdw/versions/b66cbfa140aea885/files/251d73396bdde11c8f90565297c51112ba57ab05cfa87cf9f5cbb9c3139be170 [stream]
[debug] [2026-07-01T18:58:30.239Z] >>> [apiv2][query] POST https://upload-firebasehosting.googleapis.com/upload/sites/tdw/versions/b66cbfa140aea885/files/e6be61e9e6ce2a93efa4cdbeeb6ca00e65e066e27a7d9770349fa6a9612df02b [none]
[debug] [2026-07-01T18:58:30.239Z] >>> [apiv2][body] POST https://upload-firebasehosting.googleapis.com/upload/sites/tdw/versions/b66cbfa140aea885/files/e6be61e9e6ce2a93efa4cdbeeb6ca00e65e066e27a7d9770349fa6a9612df02b [stream]
[debug] [2026-07-01T18:58:30.241Z] >>> [apiv2][query] POST https://upload-firebasehosting.googleapis.com/upload/sites/tdw/versions/b66cbfa140aea885/files/c2ca8f54b16172a7176ad1a8619d3ce01728a3f4086c3a369b1e97e91869b4d7 [none]
[debug] [2026-07-01T18:58:30.242Z] >>> [apiv2][body] POST https://upload-firebasehosting.googleapis.com/upload/sites/tdw/versions/b66cbfa140aea885/files/c2ca8f54b16172a7176ad1a8619d3ce01728a3f4086c3a369b1e97e91869b4d7 [stream]
[debug] [2026-07-01T18:58:30.243Z] >>> [apiv2][query] POST https://upload-firebasehosting.googleapis.com/upload/sites/tdw/versions/b66cbfa140aea885/files/c6db1de9b5eca0ef97a0dd67ad910cf99b6d0556e2663e67e67ff7a33ef6bcdb [none]
[debug] [2026-07-01T18:58:30.243Z] >>> [apiv2][body] POST https://upload-firebasehosting.googleapis.com/upload/sites/tdw/versions/b66cbfa140aea885/files/c6db1de9b5eca0ef97a0dd67ad910cf99b6d0556e2663e67e67ff7a33ef6bcdb [stream]
[debug] [2026-07-01T18:58:30.245Z] >>> [apiv2][query] POST https://upload-firebasehosting.googleapis.com/upload/sites/tdw/versions/b66cbfa140aea885/files/3448d1072f85c9e9108792f02b97557d60d8c9a1aba7611c3c0817eaaafc4d61 [none]
[debug] [2026-07-01T18:58:30.246Z] >>> [apiv2][body] POST https://upload-firebasehosting.googleapis.com/upload/sites/tdw/versions/b66cbfa140aea885/files/3448d1072f85c9e9108792f02b97557d60d8c9a1aba7611c3c0817eaaafc4d61 [stream]
[debug] [2026-07-01T18:58:30.247Z] >>> [apiv2][query] POST https://upload-firebasehosting.googleapis.com/upload/sites/tdw/versions/b66cbfa140aea885/files/06713bf464fae92b31dc0088b702795512217a3115cfaa1890d898f48bd438b6 [none]
[debug] [2026-07-01T18:58:30.248Z] >>> [apiv2][body] POST https://upload-firebasehosting.googleapis.com/upload/sites/tdw/versions/b66cbfa140aea885/files/06713bf464fae92b31dc0088b702795512217a3115cfaa1890d898f48bd438b6 [stream]
[debug] [2026-07-01T18:58:30.250Z] >>> [apiv2][query] POST https://upload-firebasehosting.googleapis.com/upload/sites/tdw/versions/b66cbfa140aea885/files/8bfde47911b53ee2641707874e30b176735d7250a080cf5b86ff19504900ef6f [none]
[debug] [2026-07-01T18:58:30.250Z] >>> [apiv2][body] POST https://upload-firebasehosting.googleapis.com/upload/sites/tdw/versions/b66cbfa140aea885/files/8bfde47911b53ee2641707874e30b176735d7250a080cf5b86ff19504900ef6f [stream]
[debug] [2026-07-01T18:58:30.253Z] >>> [apiv2][query] POST https://upload-firebasehosting.googleapis.com/upload/sites/tdw/versions/b66cbfa140aea885/files/e6bbac10a436d0fc8e8d14a3e7e59223173b23235e990cb3b8d0e71003f4da09 [none]
[debug] [2026-07-01T18:58:30.253Z] >>> [apiv2][body] POST https://upload-firebasehosting.googleapis.com/upload/sites/tdw/versions/b66cbfa140aea885/files/e6bbac10a436d0fc8e8d14a3e7e59223173b23235e990cb3b8d0e71003f4da09 [stream]
[debug] [2026-07-01T18:58:30.256Z] >>> [apiv2][query] POST https://upload-firebasehosting.googleapis.com/upload/sites/tdw/versions/b66cbfa140aea885/files/3a53a4c4e805b2bb6e63bab06ff2a850b4c1a07ff09af24eedfdd91e2c05abce [none]
[debug] [2026-07-01T18:58:30.256Z] >>> [apiv2][body] POST https://upload-firebasehosting.googleapis.com/upload/sites/tdw/versions/b66cbfa140aea885/files/3a53a4c4e805b2bb6e63bab06ff2a850b4c1a07ff09af24eedfdd91e2c05abce [stream]
[debug] [2026-07-01T18:58:30.258Z] >>> [apiv2][query] POST https://upload-firebasehosting.googleapis.com/upload/sites/tdw/versions/b66cbfa140aea885/files/c39a8385ac4442722a4cf8bc82aecc146a0df08186aabb3373e0b5c5b1611c3f [none]
[debug] [2026-07-01T18:58:30.258Z] >>> [apiv2][body] POST https://upload-firebasehosting.googleapis.com/upload/sites/tdw/versions/b66cbfa140aea885/files/c39a8385ac4442722a4cf8bc82aecc146a0df08186aabb3373e0b5c5b1611c3f [stream]
[debug] [2026-07-01T18:58:30.261Z] >>> [apiv2][query] POST https://upload-firebasehosting.googleapis.com/upload/sites/tdw/versions/b66cbfa140aea885/files/7d63925c9150829344f98f66c1e66c228b5aac4ef2e9ad7a93af38fa9a9400cc [none]
[debug] [2026-07-01T18:58:30.261Z] >>> [apiv2][body] POST https://upload-firebasehosting.googleapis.com/upload/sites/tdw/versions/b66cbfa140aea885/files/7d63925c9150829344f98f66c1e66c228b5aac4ef2e9ad7a93af38fa9a9400cc [stream]
[debug] [2026-07-01T18:58:30.263Z] >>> [apiv2][query] POST https://upload-firebasehosting.googleapis.com/upload/sites/tdw/versions/b66cbfa140aea885/files/df66ab04c653e7001067f093fbf541390aaca749b0c62824a2d2657ea6567d84 [none]
[debug] [2026-07-01T18:58:30.263Z] >>> [apiv2][body] POST https://upload-firebasehosting.googleapis.com/upload/sites/tdw/versions/b66cbfa140aea885/files/df66ab04c653e7001067f093fbf541390aaca749b0c62824a2d2657ea6567d84 [stream]
[debug] [2026-07-01T18:58:30.265Z] >>> [apiv2][query] POST https://upload-firebasehosting.googleapis.com/upload/sites/tdw/versions/b66cbfa140aea885/files/c66045905ac41c4bd909c3eecfd7a452301444a56224ff04189b14cc15607a08 [none]
[debug] [2026-07-01T18:58:30.266Z] >>> [apiv2][body] POST https://upload-firebasehosting.googleapis.com/upload/sites/tdw/versions/b66cbfa140aea885/files/c66045905ac41c4bd909c3eecfd7a452301444a56224ff04189b14cc15607a08 [stream]
[debug] [2026-07-01T18:58:30.272Z] >>> [apiv2][query] POST https://upload-firebasehosting.googleapis.com/upload/sites/tdw/versions/b66cbfa140aea885/files/786142c59fac302bcf23da69672e45f5a1519b3cd0fbeab9c55be9df81f8ec51 [none]
[debug] [2026-07-01T18:58:30.274Z] >>> [apiv2][body] POST https://upload-firebasehosting.googleapis.com/upload/sites/tdw/versions/b66cbfa140aea885/files/786142c59fac302bcf23da69672e45f5a1519b3cd0fbeab9c55be9df81f8ec51 [stream]
[debug] [2026-07-01T18:58:30.276Z] >>> [apiv2][query] POST https://upload-firebasehosting.googleapis.com/upload/sites/tdw/versions/b66cbfa140aea885/files/8bb2bcd9b86f0c4f2014167d500e95f160d83d8697a027764165acfbc466820c [none]
[debug] [2026-07-01T18:58:30.276Z] >>> [apiv2][body] POST https://upload-firebasehosting.googleapis.com/upload/sites/tdw/versions/b66cbfa140aea885/files/8bb2bcd9b86f0c4f2014167d500e95f160d83d8697a027764165acfbc466820c [stream]
[debug] [2026-07-01T18:58:30.278Z] >>> [apiv2][query] POST https://upload-firebasehosting.googleapis.com/upload/sites/tdw/versions/b66cbfa140aea885/files/fedaae29cd0b201e4ef2b9113d65ce39e53316d82ee01ff58bff136fa8a91279 [none]
[debug] [2026-07-01T18:58:30.278Z] >>> [apiv2][body] POST https://upload-firebasehosting.googleapis.com/upload/sites/tdw/versions/b66cbfa140aea885/files/fedaae29cd0b201e4ef2b9113d65ce39e53316d82ee01ff58bff136fa8a91279 [stream]
[debug] [2026-07-01T18:58:30.280Z] >>> [apiv2][query] POST https://upload-firebasehosting.googleapis.com/upload/sites/tdw/versions/b66cbfa140aea885/files/b160f5f360c78e77840c50f688a6e9e334dd6b9f304add2e4f719c0314044f6c [none]
[debug] [2026-07-01T18:58:30.280Z] >>> [apiv2][body] POST https://upload-firebasehosting.googleapis.com/upload/sites/tdw/versions/b66cbfa140aea885/files/b160f5f360c78e77840c50f688a6e9e334dd6b9f304add2e4f719c0314044f6c [stream]
[debug] [2026-07-01T18:58:30.282Z] >>> [apiv2][query] POST https://upload-firebasehosting.googleapis.com/upload/sites/tdw/versions/b66cbfa140aea885/files/6d7374ea7c7482ba7fc1cccafcdc63d0c6ddd16133b37b22a5b7e651da614971 [none]
[debug] [2026-07-01T18:58:30.282Z] >>> [apiv2][body] POST https://upload-firebasehosting.googleapis.com/upload/sites/tdw/versions/b66cbfa140aea885/files/6d7374ea7c7482ba7fc1cccafcdc63d0c6ddd16133b37b22a5b7e651da614971 [stream]
[debug] [2026-07-01T18:58:30.284Z] >>> [apiv2][query] POST https://upload-firebasehosting.googleapis.com/upload/sites/tdw/versions/b66cbfa140aea885/files/b6bc82bc7d59b1bfe7093a2800f780ec6a9cb343e20890cdd5466d7dac2dde0e [none]
[debug] [2026-07-01T18:58:30.284Z] >>> [apiv2][body] POST https://upload-firebasehosting.googleapis.com/upload/sites/tdw/versions/b66cbfa140aea885/files/b6bc82bc7d59b1bfe7093a2800f780ec6a9cb343e20890cdd5466d7dac2dde0e [stream]
[debug] [2026-07-01T18:58:30.286Z] >>> [apiv2][query] POST https://upload-firebasehosting.googleapis.com/upload/sites/tdw/versions/b66cbfa140aea885/files/eef4c5b4da72cddb7cbb24ed40eebbeec508775e1b141b81cbd61bc73b177b0d [none]
[debug] [2026-07-01T18:58:30.286Z] >>> [apiv2][body] POST https://upload-firebasehosting.googleapis.com/upload/sites/tdw/versions/b66cbfa140aea885/files/eef4c5b4da72cddb7cbb24ed40eebbeec508775e1b141b81cbd61bc73b177b0d [stream]
[debug] [2026-07-01T18:58:30.287Z] >>> [apiv2][query] POST https://upload-firebasehosting.googleapis.com/upload/sites/tdw/versions/b66cbfa140aea885/files/42db008b208b5652ba5fad93ee307e6ec3d35b32009d43c90d8e68487805c290 [none]
[debug] [2026-07-01T18:58:30.288Z] >>> [apiv2][body] POST https://upload-firebasehosting.googleapis.com/upload/sites/tdw/versions/b66cbfa140aea885/files/42db008b208b5652ba5fad93ee307e6ec3d35b32009d43c90d8e68487805c290 [stream]
[debug] [2026-07-01T18:58:30.289Z] >>> [apiv2][query] POST https://upload-firebasehosting.googleapis.com/upload/sites/tdw/versions/b66cbfa140aea885/files/99d910585dcf2a9e5722f1e10abc37aba5a3539e8a50b135c04a3b82eca97aa6 [none]
[debug] [2026-07-01T18:58:30.290Z] >>> [apiv2][body] POST https://upload-firebasehosting.googleapis.com/upload/sites/tdw/versions/b66cbfa140aea885/files/99d910585dcf2a9e5722f1e10abc37aba5a3539e8a50b135c04a3b82eca97aa6 [stream]
[debug] [2026-07-01T18:58:30.292Z] >>> [apiv2][query] POST https://upload-firebasehosting.googleapis.com/upload/sites/tdw/versions/b66cbfa140aea885/files/d18c849b064ce7dae5937014ff9b22736176e535ef0ca33605973939e974fcd1 [none]
[debug] [2026-07-01T18:58:30.293Z] >>> [apiv2][body] POST https://upload-firebasehosting.googleapis.com/upload/sites/tdw/versions/b66cbfa140aea885/files/d18c849b064ce7dae5937014ff9b22736176e535ef0ca33605973939e974fcd1 [stream]
[debug] [2026-07-01T18:58:30.295Z] >>> [apiv2][query] POST https://upload-firebasehosting.googleapis.com/upload/sites/tdw/versions/b66cbfa140aea885/files/edd44f84dd344f7d603401f64576dce5af96f4175316e4a61ffeb656e6af2f2d [none]
[debug] [2026-07-01T18:58:30.295Z] >>> [apiv2][body] POST https://upload-firebasehosting.googleapis.com/upload/sites/tdw/versions/b66cbfa140aea885/files/edd44f84dd344f7d603401f64576dce5af96f4175316e4a61ffeb656e6af2f2d [stream]
[debug] [2026-07-01T18:58:30.296Z] >>> [apiv2][query] POST https://upload-firebasehosting.googleapis.com/upload/sites/tdw/versions/b66cbfa140aea885/files/e20b41998ee80e8cab588024ca73ea82d083d81d26bb585092b2ecaa50b82a54 [none]
[debug] [2026-07-01T18:58:30.297Z] >>> [apiv2][body] POST https://upload-firebasehosting.googleapis.com/upload/sites/tdw/versions/b66cbfa140aea885/files/e20b41998ee80e8cab588024ca73ea82d083d81d26bb585092b2ecaa50b82a54 [stream]
[debug] [2026-07-01T18:58:30.298Z] [hosting][populate queue][FINAL] {"max":1622,"min":1622,"avg":1622,"active":0,"complete":1,"success":1,"errored":0,"retried":0,"total":1,"elapsed":1763}
[debug] [2026-07-01T18:58:30.299Z] [hosting] uploads queued: 51
[info] i  hosting: uploading new files [0/51] (0%) 
[debug] [2026-07-01T18:58:31.695Z] <<< [apiv2][status] POST https://upload-firebasehosting.googleapis.com/upload/sites/tdw/versions/b66cbfa140aea885/files/e6bbac10a436d0fc8e8d14a3e7e59223173b23235e990cb3b8d0e71003f4da09 200
[debug] [2026-07-01T18:58:31.696Z] <<< [apiv2][body] POST https://upload-firebasehosting.googleapis.com/upload/sites/tdw/versions/b66cbfa140aea885/files/e6bbac10a436d0fc8e8d14a3e7e59223173b23235e990cb3b8d0e71003f4da09 [stream]
[debug] [2026-07-01T18:58:31.873Z] <<< [apiv2][status] POST https://upload-firebasehosting.googleapis.com/upload/sites/tdw/versions/b66cbfa140aea885/files/7b1f5baebab28b57ca02380b73badb45638d3096b45583226619d1f4ada35ff1 200
[debug] [2026-07-01T18:58:31.875Z] <<< [apiv2][body] POST https://upload-firebasehosting.googleapis.com/upload/sites/tdw/versions/b66cbfa140aea885/files/7b1f5baebab28b57ca02380b73badb45638d3096b45583226619d1f4ada35ff1 [stream]
[debug] [2026-07-01T18:58:31.883Z] <<< [apiv2][status] POST https://upload-firebasehosting.googleapis.com/upload/sites/tdw/versions/b66cbfa140aea885/files/eef4c5b4da72cddb7cbb24ed40eebbeec508775e1b141b81cbd61bc73b177b0d 200
[debug] [2026-07-01T18:58:31.907Z] <<< [apiv2][body] POST https://upload-firebasehosting.googleapis.com/upload/sites/tdw/versions/b66cbfa140aea885/files/eef4c5b4da72cddb7cbb24ed40eebbeec508775e1b141b81cbd61bc73b177b0d [stream]
[debug] [2026-07-01T18:58:31.914Z] <<< [apiv2][status] POST https://upload-firebasehosting.googleapis.com/upload/sites/tdw/versions/b66cbfa140aea885/files/df66ab04c653e7001067f093fbf541390aaca749b0c62824a2d2657ea6567d84 200
[debug] [2026-07-01T18:58:31.915Z] <<< [apiv2][body] POST https://upload-firebasehosting.googleapis.com/upload/sites/tdw/versions/b66cbfa140aea885/files/df66ab04c653e7001067f093fbf541390aaca749b0c62824a2d2657ea6567d84 [stream]
[debug] [2026-07-01T18:58:31.964Z] <<< [apiv2][status] POST https://upload-firebasehosting.googleapis.com/upload/sites/tdw/versions/b66cbfa140aea885/files/c2ca8f54b16172a7176ad1a8619d3ce01728a3f4086c3a369b1e97e91869b4d7 200
[debug] [2026-07-01T18:58:31.965Z] <<< [apiv2][body] POST https://upload-firebasehosting.googleapis.com/upload/sites/tdw/versions/b66cbfa140aea885/files/c2ca8f54b16172a7176ad1a8619d3ce01728a3f4086c3a369b1e97e91869b4d7 [stream]
[debug] [2026-07-01T18:58:31.966Z] <<< [apiv2][status] POST https://upload-firebasehosting.googleapis.com/upload/sites/tdw/versions/b66cbfa140aea885/files/a3e4ea3404c2520144e7bbbe332b6c8e7b0499540abb23208df44db0b3ff52fe 200
[debug] [2026-07-01T18:58:31.967Z] <<< [apiv2][body] POST https://upload-firebasehosting.googleapis.com/upload/sites/tdw/versions/b66cbfa140aea885/files/a3e4ea3404c2520144e7bbbe332b6c8e7b0499540abb23208df44db0b3ff52fe [stream]
[debug] [2026-07-01T18:58:31.968Z] <<< [apiv2][status] POST https://upload-firebasehosting.googleapis.com/upload/sites/tdw/versions/b66cbfa140aea885/files/c6db1de9b5eca0ef97a0dd67ad910cf99b6d0556e2663e67e67ff7a33ef6bcdb 200
[debug] [2026-07-01T18:58:31.969Z] <<< [apiv2][body] POST https://upload-firebasehosting.googleapis.com/upload/sites/tdw/versions/b66cbfa140aea885/files/c6db1de9b5eca0ef97a0dd67ad910cf99b6d0556e2663e67e67ff7a33ef6bcdb [stream]
[debug] [2026-07-01T18:58:32.012Z] <<< [apiv2][status] POST https://upload-firebasehosting.googleapis.com/upload/sites/tdw/versions/b66cbfa140aea885/files/e20b41998ee80e8cab588024ca73ea82d083d81d26bb585092b2ecaa50b82a54 200
[debug] [2026-07-01T18:58:32.013Z] <<< [apiv2][body] POST https://upload-firebasehosting.googleapis.com/upload/sites/tdw/versions/b66cbfa140aea885/files/e20b41998ee80e8cab588024ca73ea82d083d81d26bb585092b2ecaa50b82a54 [stream]
[debug] [2026-07-01T18:58:32.015Z] <<< [apiv2][status] POST https://upload-firebasehosting.googleapis.com/upload/sites/tdw/versions/b66cbfa140aea885/files/3448d1072f85c9e9108792f02b97557d60d8c9a1aba7611c3c0817eaaafc4d61 200
[debug] [2026-07-01T18:58:32.016Z] <<< [apiv2][body] POST https://upload-firebasehosting.googleapis.com/upload/sites/tdw/versions/b66cbfa140aea885/files/3448d1072f85c9e9108792f02b97557d60d8c9a1aba7611c3c0817eaaafc4d61 [stream]
[debug] [2026-07-01T18:58:32.036Z] <<< [apiv2][status] POST https://upload-firebasehosting.googleapis.com/upload/sites/tdw/versions/b66cbfa140aea885/files/d18c849b064ce7dae5937014ff9b22736176e535ef0ca33605973939e974fcd1 200
[debug] [2026-07-01T18:58:32.038Z] <<< [apiv2][body] POST https://upload-firebasehosting.googleapis.com/upload/sites/tdw/versions/b66cbfa140aea885/files/d18c849b064ce7dae5937014ff9b22736176e535ef0ca33605973939e974fcd1 [stream]
[debug] [2026-07-01T18:58:32.039Z] <<< [apiv2][status] POST https://upload-firebasehosting.googleapis.com/upload/sites/tdw/versions/b66cbfa140aea885/files/8a69a58a32f992ba82baaf6af225f812df33d9fbaec77d8a54fa7364a603a3c1 200
[debug] [2026-07-01T18:58:32.039Z] <<< [apiv2][body] POST https://upload-firebasehosting.googleapis.com/upload/sites/tdw/versions/b66cbfa140aea885/files/8a69a58a32f992ba82baaf6af225f812df33d9fbaec77d8a54fa7364a603a3c1 [stream]
[debug] [2026-07-01T18:58:32.076Z] <<< [apiv2][status] POST https://upload-firebasehosting.googleapis.com/upload/sites/tdw/versions/b66cbfa140aea885/files/c59d7ab54abd288807a9119107374fa1fe1a2e87107355ed545cbe8c9e405abf 200
[debug] [2026-07-01T18:58:32.080Z] <<< [apiv2][body] POST https://upload-firebasehosting.googleapis.com/upload/sites/tdw/versions/b66cbfa140aea885/files/c59d7ab54abd288807a9119107374fa1fe1a2e87107355ed545cbe8c9e405abf [stream]
[debug] [2026-07-01T18:58:32.081Z] <<< [apiv2][status] POST https://upload-firebasehosting.googleapis.com/upload/sites/tdw/versions/b66cbfa140aea885/files/786142c59fac302bcf23da69672e45f5a1519b3cd0fbeab9c55be9df81f8ec51 200
[debug] [2026-07-01T18:58:32.082Z] <<< [apiv2][body] POST https://upload-firebasehosting.googleapis.com/upload/sites/tdw/versions/b66cbfa140aea885/files/786142c59fac302bcf23da69672e45f5a1519b3cd0fbeab9c55be9df81f8ec51 [stream]
[debug] [2026-07-01T18:58:32.082Z] <<< [apiv2][status] POST https://upload-firebasehosting.googleapis.com/upload/sites/tdw/versions/b66cbfa140aea885/files/ae682418da322a5e6f29410d6ef60768f53753109312e94046683614dd5e20e5 200
[debug] [2026-07-01T18:58:32.083Z] <<< [apiv2][body] POST https://upload-firebasehosting.googleapis.com/upload/sites/tdw/versions/b66cbfa140aea885/files/ae682418da322a5e6f29410d6ef60768f53753109312e94046683614dd5e20e5 [stream]
[debug] [2026-07-01T18:58:32.089Z] <<< [apiv2][status] POST https://upload-firebasehosting.googleapis.com/upload/sites/tdw/versions/b66cbfa140aea885/files/b5a8c787873ddd016c3dd50d74db0a494dd97c63732a840a34b48fff2c2177e4 200
[debug] [2026-07-01T18:58:32.091Z] <<< [apiv2][body] POST https://upload-firebasehosting.googleapis.com/upload/sites/tdw/versions/b66cbfa140aea885/files/b5a8c787873ddd016c3dd50d74db0a494dd97c63732a840a34b48fff2c2177e4 [stream]
[debug] [2026-07-01T18:58:32.191Z] <<< [apiv2][status] POST https://upload-firebasehosting.googleapis.com/upload/sites/tdw/versions/b66cbfa140aea885/files/3a53a4c4e805b2bb6e63bab06ff2a850b4c1a07ff09af24eedfdd91e2c05abce 200
[debug] [2026-07-01T18:58:32.192Z] <<< [apiv2][body] POST https://upload-firebasehosting.googleapis.com/upload/sites/tdw/versions/b66cbfa140aea885/files/3a53a4c4e805b2bb6e63bab06ff2a850b4c1a07ff09af24eedfdd91e2c05abce [stream]
[debug] [2026-07-01T18:58:32.193Z] <<< [apiv2][status] POST https://upload-firebasehosting.googleapis.com/upload/sites/tdw/versions/b66cbfa140aea885/files/6d29565ffb3086c58282169d81888dae3c626ed466f92725caa1c3383c848e2d 200
[debug] [2026-07-01T18:58:32.194Z] <<< [apiv2][body] POST https://upload-firebasehosting.googleapis.com/upload/sites/tdw/versions/b66cbfa140aea885/files/6d29565ffb3086c58282169d81888dae3c626ed466f92725caa1c3383c848e2d [stream]
[debug] [2026-07-01T18:58:32.204Z] <<< [apiv2][status] POST https://upload-firebasehosting.googleapis.com/upload/sites/tdw/versions/b66cbfa140aea885/files/fedaae29cd0b201e4ef2b9113d65ce39e53316d82ee01ff58bff136fa8a91279 200
[debug] [2026-07-01T18:58:32.205Z] <<< [apiv2][body] POST https://upload-firebasehosting.googleapis.com/upload/sites/tdw/versions/b66cbfa140aea885/files/fedaae29cd0b201e4ef2b9113d65ce39e53316d82ee01ff58bff136fa8a91279 [stream]
[debug] [2026-07-01T18:58:32.213Z] <<< [apiv2][status] POST https://upload-firebasehosting.googleapis.com/upload/sites/tdw/versions/b66cbfa140aea885/files/acad8a44f71d36440ae17bbe744aed7dabbc58aaedd6a52e05470f29d2c333ab 200
[debug] [2026-07-01T18:58:32.213Z] <<< [apiv2][body] POST https://upload-firebasehosting.googleapis.com/upload/sites/tdw/versions/b66cbfa140aea885/files/acad8a44f71d36440ae17bbe744aed7dabbc58aaedd6a52e05470f29d2c333ab [stream]
[debug] [2026-07-01T18:58:32.367Z] <<< [apiv2][status] POST https://upload-firebasehosting.googleapis.com/upload/sites/tdw/versions/b66cbfa140aea885/files/08730f3e19fa05ffc2eea6fa0def15de76b5232ac992206ae0111f4ae4b6caff 200
[debug] [2026-07-01T18:58:32.368Z] <<< [apiv2][body] POST https://upload-firebasehosting.googleapis.com/upload/sites/tdw/versions/b66cbfa140aea885/files/08730f3e19fa05ffc2eea6fa0def15de76b5232ac992206ae0111f4ae4b6caff [stream]
[info] i  hosting: uploading new files [20/51] (39%) 
[debug] [2026-07-01T18:58:32.442Z] <<< [apiv2][status] POST https://upload-firebasehosting.googleapis.com/upload/sites/tdw/versions/b66cbfa140aea885/files/4b4ac241c5dd22404252020ad22e0570abdb8f6005e4e6a286576a4070e1d490 200
[debug] [2026-07-01T18:58:32.444Z] <<< [apiv2][body] POST https://upload-firebasehosting.googleapis.com/upload/sites/tdw/versions/b66cbfa140aea885/files/4b4ac241c5dd22404252020ad22e0570abdb8f6005e4e6a286576a4070e1d490 [stream]
[debug] [2026-07-01T18:58:32.717Z] <<< [apiv2][status] POST https://upload-firebasehosting.googleapis.com/upload/sites/tdw/versions/b66cbfa140aea885/files/602e2541a820bb7bd58b7b5fd288fe15f0ad0c27122330e1fef2f26314b5fc21 200
[debug] [2026-07-01T18:58:32.717Z] <<< [apiv2][body] POST https://upload-firebasehosting.googleapis.com/upload/sites/tdw/versions/b66cbfa140aea885/files/602e2541a820bb7bd58b7b5fd288fe15f0ad0c27122330e1fef2f26314b5fc21 [stream]
[debug] [2026-07-01T18:58:33.033Z] <<< [apiv2][status] POST https://upload-firebasehosting.googleapis.com/upload/sites/tdw/versions/b66cbfa140aea885/files/b160f5f360c78e77840c50f688a6e9e334dd6b9f304add2e4f719c0314044f6c 200
[debug] [2026-07-01T18:58:33.035Z] <<< [apiv2][body] POST https://upload-firebasehosting.googleapis.com/upload/sites/tdw/versions/b66cbfa140aea885/files/b160f5f360c78e77840c50f688a6e9e334dd6b9f304add2e4f719c0314044f6c [stream]
[debug] [2026-07-01T18:58:34.359Z] <<< [apiv2][status] POST https://upload-firebasehosting.googleapis.com/upload/sites/tdw/versions/b66cbfa140aea885/files/9fcfc1da13cabca23e11af5dbf9f1836f5f20391e02beeadf9211c32220ed7ea 200
[debug] [2026-07-01T18:58:34.359Z] <<< [apiv2][body] POST https://upload-firebasehosting.googleapis.com/upload/sites/tdw/versions/b66cbfa140aea885/files/9fcfc1da13cabca23e11af5dbf9f1836f5f20391e02beeadf9211c32220ed7ea [stream]
[debug] [2026-07-01T18:58:34.403Z] <<< [apiv2][status] POST https://upload-firebasehosting.googleapis.com/upload/sites/tdw/versions/b66cbfa140aea885/files/06713bf464fae92b31dc0088b702795512217a3115cfaa1890d898f48bd438b6 200
[debug] [2026-07-01T18:58:34.404Z] <<< [apiv2][body] POST https://upload-firebasehosting.googleapis.com/upload/sites/tdw/versions/b66cbfa140aea885/files/06713bf464fae92b31dc0088b702795512217a3115cfaa1890d898f48bd438b6 [stream]
[info] i  hosting: uploading new files [25/51] (49%) 
[debug] [2026-07-01T18:58:34.490Z] <<< [apiv2][status] POST https://upload-firebasehosting.googleapis.com/upload/sites/tdw/versions/b66cbfa140aea885/files/c66045905ac41c4bd909c3eecfd7a452301444a56224ff04189b14cc15607a08 200
[debug] [2026-07-01T18:58:34.492Z] <<< [apiv2][body] POST https://upload-firebasehosting.googleapis.com/upload/sites/tdw/versions/b66cbfa140aea885/files/c66045905ac41c4bd909c3eecfd7a452301444a56224ff04189b14cc15607a08 [stream]
[debug] [2026-07-01T18:58:34.677Z] <<< [apiv2][status] POST https://upload-firebasehosting.googleapis.com/upload/sites/tdw/versions/b66cbfa140aea885/files/8bb2bcd9b86f0c4f2014167d500e95f160d83d8697a027764165acfbc466820c 200
[debug] [2026-07-01T18:58:34.678Z] <<< [apiv2][body] POST https://upload-firebasehosting.googleapis.com/upload/sites/tdw/versions/b66cbfa140aea885/files/8bb2bcd9b86f0c4f2014167d500e95f160d83d8697a027764165acfbc466820c [stream]
[debug] [2026-07-01T18:58:35.783Z] <<< [apiv2][status] POST https://upload-firebasehosting.googleapis.com/upload/sites/tdw/versions/b66cbfa140aea885/files/e42439dc7a20f507c84029c896bed183f2c7ec5779a316e34d970e05a1756863 200
[debug] [2026-07-01T18:58:35.784Z] <<< [apiv2][body] POST https://upload-firebasehosting.googleapis.com/upload/sites/tdw/versions/b66cbfa140aea885/files/e42439dc7a20f507c84029c896bed183f2c7ec5779a316e34d970e05a1756863 [stream]
[info] i  hosting: uploading new files [28/51] (54%) 
[debug] [2026-07-01T18:58:36.639Z] <<< [apiv2][status] POST https://upload-firebasehosting.googleapis.com/upload/sites/tdw/versions/b66cbfa140aea885/files/8dafa173b6bf1f4489a537697cf087c02d567a2da30ed2b39bf6a7f2b5908ef3 200
[debug] [2026-07-01T18:58:36.639Z] <<< [apiv2][body] POST https://upload-firebasehosting.googleapis.com/upload/sites/tdw/versions/b66cbfa140aea885/files/8dafa173b6bf1f4489a537697cf087c02d567a2da30ed2b39bf6a7f2b5908ef3 [stream]
[debug] [2026-07-01T18:58:36.643Z] <<< [apiv2][status] POST https://upload-firebasehosting.googleapis.com/upload/sites/tdw/versions/b66cbfa140aea885/files/42db008b208b5652ba5fad93ee307e6ec3d35b32009d43c90d8e68487805c290 200
[debug] [2026-07-01T18:58:36.643Z] <<< [apiv2][body] POST https://upload-firebasehosting.googleapis.com/upload/sites/tdw/versions/b66cbfa140aea885/files/42db008b208b5652ba5fad93ee307e6ec3d35b32009d43c90d8e68487805c290 [stream]
[debug] [2026-07-01T18:58:36.742Z] <<< [apiv2][status] POST https://upload-firebasehosting.googleapis.com/upload/sites/tdw/versions/b66cbfa140aea885/files/44f7ac6ae378d00af3ccf38401c525626b5d5d0fb01a79063edfd7ac6e39c885 200
[debug] [2026-07-01T18:58:36.742Z] <<< [apiv2][body] POST https://upload-firebasehosting.googleapis.com/upload/sites/tdw/versions/b66cbfa140aea885/files/44f7ac6ae378d00af3ccf38401c525626b5d5d0fb01a79063edfd7ac6e39c885 [stream]
[debug] [2026-07-01T18:58:36.794Z] <<< [apiv2][status] POST https://upload-firebasehosting.googleapis.com/upload/sites/tdw/versions/b66cbfa140aea885/files/641cb1cdb54e3358da609635b3c1b85c34edc09c544c75148b9dd2620b4dddb7 200
[debug] [2026-07-01T18:58:36.794Z] <<< [apiv2][body] POST https://upload-firebasehosting.googleapis.com/upload/sites/tdw/versions/b66cbfa140aea885/files/641cb1cdb54e3358da609635b3c1b85c34edc09c544c75148b9dd2620b4dddb7 [stream]
[debug] [2026-07-01T18:58:36.849Z] <<< [apiv2][status] POST https://upload-firebasehosting.googleapis.com/upload/sites/tdw/versions/b66cbfa140aea885/files/7d0b118ada04db04eadada8e3353c86bcba2d45f1aae54ce631e90057c8b3193 200
[debug] [2026-07-01T18:58:36.849Z] <<< [apiv2][body] POST https://upload-firebasehosting.googleapis.com/upload/sites/tdw/versions/b66cbfa140aea885/files/7d0b118ada04db04eadada8e3353c86bcba2d45f1aae54ce631e90057c8b3193 [stream]
[debug] [2026-07-01T18:58:36.855Z] <<< [apiv2][status] POST https://upload-firebasehosting.googleapis.com/upload/sites/tdw/versions/b66cbfa140aea885/files/7d63925c9150829344f98f66c1e66c228b5aac4ef2e9ad7a93af38fa9a9400cc 200
[debug] [2026-07-01T18:58:36.857Z] <<< [apiv2][body] POST https://upload-firebasehosting.googleapis.com/upload/sites/tdw/versions/b66cbfa140aea885/files/7d63925c9150829344f98f66c1e66c228b5aac4ef2e9ad7a93af38fa9a9400cc [stream]
[debug] [2026-07-01T18:58:36.872Z] <<< [apiv2][status] POST https://upload-firebasehosting.googleapis.com/upload/sites/tdw/versions/b66cbfa140aea885/files/b38fa886dbc5cb346c37e5349b87d84caa17072e82d5df2fdd2b84701c6117a0 200
[debug] [2026-07-01T18:58:36.899Z] <<< [apiv2][body] POST https://upload-firebasehosting.googleapis.com/upload/sites/tdw/versions/b66cbfa140aea885/files/b38fa886dbc5cb346c37e5349b87d84caa17072e82d5df2fdd2b84701c6117a0 [stream]
[debug] [2026-07-01T18:58:36.902Z] <<< [apiv2][status] POST https://upload-firebasehosting.googleapis.com/upload/sites/tdw/versions/b66cbfa140aea885/files/edd44f84dd344f7d603401f64576dce5af96f4175316e4a61ffeb656e6af2f2d 200
[debug] [2026-07-01T18:58:36.903Z] <<< [apiv2][body] POST https://upload-firebasehosting.googleapis.com/upload/sites/tdw/versions/b66cbfa140aea885/files/edd44f84dd344f7d603401f64576dce5af96f4175316e4a61ffeb656e6af2f2d [stream]
[debug] [2026-07-01T18:58:36.941Z] <<< [apiv2][status] POST https://upload-firebasehosting.googleapis.com/upload/sites/tdw/versions/b66cbfa140aea885/files/99d910585dcf2a9e5722f1e10abc37aba5a3539e8a50b135c04a3b82eca97aa6 200
[debug] [2026-07-01T18:58:36.942Z] <<< [apiv2][body] POST https://upload-firebasehosting.googleapis.com/upload/sites/tdw/versions/b66cbfa140aea885/files/99d910585dcf2a9e5722f1e10abc37aba5a3539e8a50b135c04a3b82eca97aa6 [stream]
[debug] [2026-07-01T18:58:36.966Z] <<< [apiv2][status] POST https://upload-firebasehosting.googleapis.com/upload/sites/tdw/versions/b66cbfa140aea885/files/873ac74cb32df2c712cdebb56d792921e7f7980eeecd8d2ce8ddce7c0cec2abd 200
[debug] [2026-07-01T18:58:36.967Z] <<< [apiv2][body] POST https://upload-firebasehosting.googleapis.com/upload/sites/tdw/versions/b66cbfa140aea885/files/873ac74cb32df2c712cdebb56d792921e7f7980eeecd8d2ce8ddce7c0cec2abd [stream]
[debug] [2026-07-01T18:58:37.029Z] <<< [apiv2][status] POST https://upload-firebasehosting.googleapis.com/upload/sites/tdw/versions/b66cbfa140aea885/files/a885338e5c27af8e386e183a4d4bc7713004ec2e0ccb6a45f69dd435ba5234cf 200
[debug] [2026-07-01T18:58:37.030Z] <<< [apiv2][body] POST https://upload-firebasehosting.googleapis.com/upload/sites/tdw/versions/b66cbfa140aea885/files/a885338e5c27af8e386e183a4d4bc7713004ec2e0ccb6a45f69dd435ba5234cf [stream]
[debug] [2026-07-01T18:58:37.104Z] <<< [apiv2][status] POST https://upload-firebasehosting.googleapis.com/upload/sites/tdw/versions/b66cbfa140aea885/files/6d7374ea7c7482ba7fc1cccafcdc63d0c6ddd16133b37b22a5b7e651da614971 200
[debug] [2026-07-01T18:58:37.105Z] <<< [apiv2][body] POST https://upload-firebasehosting.googleapis.com/upload/sites/tdw/versions/b66cbfa140aea885/files/6d7374ea7c7482ba7fc1cccafcdc63d0c6ddd16133b37b22a5b7e651da614971 [stream]
[debug] [2026-07-01T18:58:37.106Z] <<< [apiv2][status] POST https://upload-firebasehosting.googleapis.com/upload/sites/tdw/versions/b66cbfa140aea885/files/d4c911ecdc4c7a05407c0b622f82d1985ae72864b3d3f1d1ec8c1050dd2d25c8 200
[debug] [2026-07-01T18:58:37.106Z] <<< [apiv2][body] POST https://upload-firebasehosting.googleapis.com/upload/sites/tdw/versions/b66cbfa140aea885/files/d4c911ecdc4c7a05407c0b622f82d1985ae72864b3d3f1d1ec8c1050dd2d25c8 [stream]
[debug] [2026-07-01T18:58:37.367Z] <<< [apiv2][status] POST https://upload-firebasehosting.googleapis.com/upload/sites/tdw/versions/b66cbfa140aea885/files/84680bdf3473356bdf7b1976d79949337f154497c1a1631b3ead068abeed4597 200
[debug] [2026-07-01T18:58:37.370Z] <<< [apiv2][body] POST https://upload-firebasehosting.googleapis.com/upload/sites/tdw/versions/b66cbfa140aea885/files/84680bdf3473356bdf7b1976d79949337f154497c1a1631b3ead068abeed4597 [stream]
[debug] [2026-07-01T18:58:37.371Z] <<< [apiv2][status] POST https://upload-firebasehosting.googleapis.com/upload/sites/tdw/versions/b66cbfa140aea885/files/c32cf93a1a22571fcf4508c9e75a7b9e799896a205dc565569d97d1d5235c179 200
[debug] [2026-07-01T18:58:37.372Z] <<< [apiv2][body] POST https://upload-firebasehosting.googleapis.com/upload/sites/tdw/versions/b66cbfa140aea885/files/c32cf93a1a22571fcf4508c9e75a7b9e799896a205dc565569d97d1d5235c179 [stream]
[debug] [2026-07-01T18:58:37.439Z] <<< [apiv2][status] POST https://upload-firebasehosting.googleapis.com/upload/sites/tdw/versions/b66cbfa140aea885/files/251d73396bdde11c8f90565297c51112ba57ab05cfa87cf9f5cbb9c3139be170 200
[debug] [2026-07-01T18:58:37.440Z] <<< [apiv2][body] POST https://upload-firebasehosting.googleapis.com/upload/sites/tdw/versions/b66cbfa140aea885/files/251d73396bdde11c8f90565297c51112ba57ab05cfa87cf9f5cbb9c3139be170 [stream]
[debug] [2026-07-01T18:58:37.441Z] <<< [apiv2][status] POST https://upload-firebasehosting.googleapis.com/upload/sites/tdw/versions/b66cbfa140aea885/files/2a82b38cf1b3b89c0a1d07db2b716c1055868b16470c1569db17f2f957119880 200
[debug] [2026-07-01T18:58:37.442Z] <<< [apiv2][body] POST https://upload-firebasehosting.googleapis.com/upload/sites/tdw/versions/b66cbfa140aea885/files/2a82b38cf1b3b89c0a1d07db2b716c1055868b16470c1569db17f2f957119880 [stream]
[debug] [2026-07-01T18:58:37.754Z] <<< [apiv2][status] POST https://upload-firebasehosting.googleapis.com/upload/sites/tdw/versions/b66cbfa140aea885/files/e808cb0edb50c921eda738a7df859cf7035e18514fead113d79f9e5e2d95131e 200
[debug] [2026-07-01T18:58:37.754Z] <<< [apiv2][body] POST https://upload-firebasehosting.googleapis.com/upload/sites/tdw/versions/b66cbfa140aea885/files/e808cb0edb50c921eda738a7df859cf7035e18514fead113d79f9e5e2d95131e [stream]
[debug] [2026-07-01T18:58:38.260Z] <<< [apiv2][status] POST https://upload-firebasehosting.googleapis.com/upload/sites/tdw/versions/b66cbfa140aea885/files/e6be61e9e6ce2a93efa4cdbeeb6ca00e65e066e27a7d9770349fa6a9612df02b 200
[debug] [2026-07-01T18:58:38.263Z] <<< [apiv2][body] POST https://upload-firebasehosting.googleapis.com/upload/sites/tdw/versions/b66cbfa140aea885/files/e6be61e9e6ce2a93efa4cdbeeb6ca00e65e066e27a7d9770349fa6a9612df02b [stream]
[info] i  hosting: uploading new files [47/51] (92%) 
[debug] [2026-07-01T18:58:38.657Z] <<< [apiv2][status] POST https://upload-firebasehosting.googleapis.com/upload/sites/tdw/versions/b66cbfa140aea885/files/8bfde47911b53ee2641707874e30b176735d7250a080cf5b86ff19504900ef6f 200
[debug] [2026-07-01T18:58:38.657Z] <<< [apiv2][body] POST https://upload-firebasehosting.googleapis.com/upload/sites/tdw/versions/b66cbfa140aea885/files/8bfde47911b53ee2641707874e30b176735d7250a080cf5b86ff19504900ef6f [stream]
[debug] [2026-07-01T18:58:39.048Z] <<< [apiv2][status] POST https://upload-firebasehosting.googleapis.com/upload/sites/tdw/versions/b66cbfa140aea885/files/061d2d2aec3eaa3d9b2e83284699a78e5ceb9d10a025dc76135734441dd249cc 200
[debug] [2026-07-01T18:58:39.048Z] <<< [apiv2][body] POST https://upload-firebasehosting.googleapis.com/upload/sites/tdw/versions/b66cbfa140aea885/files/061d2d2aec3eaa3d9b2e83284699a78e5ceb9d10a025dc76135734441dd249cc [stream]
[debug] [2026-07-01T18:58:39.434Z] <<< [apiv2][status] POST https://upload-firebasehosting.googleapis.com/upload/sites/tdw/versions/b66cbfa140aea885/files/c39a8385ac4442722a4cf8bc82aecc146a0df08186aabb3373e0b5c5b1611c3f 200
[debug] [2026-07-01T18:58:39.434Z] <<< [apiv2][body] POST https://upload-firebasehosting.googleapis.com/upload/sites/tdw/versions/b66cbfa140aea885/files/c39a8385ac4442722a4cf8bc82aecc146a0df08186aabb3373e0b5c5b1611c3f [stream]
[info] i  hosting: uploading new files [50/51] (98%) 
[debug] [2026-07-01T18:58:42.105Z] <<< [apiv2][status] POST https://upload-firebasehosting.googleapis.com/upload/sites/tdw/versions/b66cbfa140aea885/files/b6bc82bc7d59b1bfe7093a2800f780ec6a9cb343e20890cdd5466d7dac2dde0e 200
[debug] [2026-07-01T18:58:42.106Z] <<< [apiv2][body] POST https://upload-firebasehosting.googleapis.com/upload/sites/tdw/versions/b66cbfa140aea885/files/b6bc82bc7d59b1bfe7093a2800f780ec6a9cb343e20890cdd5466d7dac2dde0e [stream]
[debug] [2026-07-01T18:58:42.106Z] [hosting][upload queue][FINAL] {"max":11955,"min":1566,"avg":4730.196078431372,"active":0,"complete":51,"success":51,"errored":0,"retried":0,"total":51,"elapsed":12031}
[info] i  hosting: upload complete 
[info] +  hosting[tdw]: file upload complete 
[debug] [2026-07-01T18:58:42.107Z] [hosting] deploy completed after 13769ms
[debug] [2026-07-01T18:58:42.107Z] [
  {
    "config": {
      "target": "tdw",
      "public": "dist",
      "ignore": [
        "firebase.json",
        "**/.*",
        "**/node_modules/**"
      ],
      "cleanUrls": true,
      "trailingSlash": false,
      "rewrites": [
        {
          "source": "/api/**",
          "function": {
            "functionId": "api"
          }
        },
        {
          "source": "/health",
          "function": {
            "functionId": "api"
          }
        },
        {
          "source": "/uploads/**",
          "function": {
            "functionId": "api"
          }
        },
        {
          "source": "**",
          "destination": "/index.html"
        }
      ],
      "site": "tdw"
    },
    "version": "projects/274209810616/sites/tdw/versions/b66cbfa140aea885"
  }
]
[info] i  hosting[tdw]: finalizing version... 
[debug] [2026-07-01T18:58:42.109Z] Checked if tokens are valid: true, expires at: 1782935456602
[debug] [2026-07-01T18:58:42.110Z] Checked if tokens are valid: true, expires at: 1782935456602
[debug] [2026-07-01T18:58:42.110Z] >>> [apiv2][query] GET https://cloudfunctions.googleapis.com/v1/projects/edwl-ethio-domesticworkerslink/locations/-/functions [none]
[debug] [2026-07-01T18:58:47.114Z] <<< [apiv2][status] GET https://cloudfunctions.googleapis.com/v1/projects/edwl-ethio-domesticworkerslink/locations/-/functions 200
[debug] [2026-07-01T18:58:47.115Z] <<< [apiv2][body] GET https://cloudfunctions.googleapis.com/v1/projects/edwl-ethio-domesticworkerslink/locations/-/functions {}
[debug] [2026-07-01T18:58:47.115Z] Checked if tokens are valid: true, expires at: 1782935456602
[debug] [2026-07-01T18:58:47.116Z] Checked if tokens are valid: true, expires at: 1782935456602
[debug] [2026-07-01T18:58:47.120Z] >>> [apiv2][query] GET https://cloudfunctions.googleapis.com/v2/projects/edwl-ethio-domesticworkerslink/locations/-/functions filter=environment%3D%22GEN_2%22
[debug] [2026-07-01T18:58:48.348Z] <<< [apiv2][status] GET https://cloudfunctions.googleapis.com/v2/projects/edwl-ethio-domesticworkerslink/locations/-/functions 200
[debug] [2026-07-01T18:58:48.349Z] <<< [apiv2][body] GET https://cloudfunctions.googleapis.com/v2/projects/edwl-ethio-domesticworkerslink/locations/-/functions {}
[warn] !  hosting[tdw]: Unable to find a valid endpoint for function `api`, but still including it in the config 
[warn] !  hosting[tdw]: Unable to find a valid endpoint for function `api`, but still including it in the config 
[warn] !  hosting[tdw]: Unable to find a valid endpoint for function `api`, but still including it in the config 
[debug] [2026-07-01T18:58:48.354Z] Checked if tokens are valid: true, expires at: 1782935456602
[debug] [2026-07-01T18:58:48.354Z] Checked if tokens are valid: true, expires at: 1782935456602
[debug] [2026-07-01T18:58:48.355Z] >>> [apiv2][query] PATCH https://firebasehosting.googleapis.com/v1beta1/projects/-/sites/tdw/versions/b66cbfa140aea885 updateMask=status%2Cconfig
[debug] [2026-07-01T18:58:48.357Z] >>> [apiv2][body] PATCH https://firebasehosting.googleapis.com/v1beta1/projects/-/sites/tdw/versions/b66cbfa140aea885 {"status":"FINALIZED","config":{"rewrites":[{"glob":"/api/**","function":"api"},{"glob":"/health","function":"api"},{"glob":"/uploads/**","function":"api"},{"glob":"**","path":"/index.html"}],"cleanUrls":true,"trailingSlashBehavior":"REMOVE"}}
[debug] [2026-07-01T18:58:50.550Z] <<< [apiv2][status] PATCH https://firebasehosting.googleapis.com/v1beta1/projects/-/sites/tdw/versions/b66cbfa140aea885 200
[debug] [2026-07-01T18:58:50.553Z] <<< [apiv2][body] PATCH https://firebasehosting.googleapis.com/v1beta1/projects/-/sites/tdw/versions/b66cbfa140aea885 {"name":"projects/274209810616/sites/tdw/versions/b66cbfa140aea885","status":"FINALIZED","config":{"rewrites":[{"glob":"/api/**","function":"api"},{"glob":"/health","function":"api"},{"glob":"/uploads/**","function":"api"},{"glob":"**","path":"/index.html"}],"cleanUrls":true,"trailingSlashBehavior":"REMOVE"},"labels":{"deployment-tool":"cli-firebase"},"createTime":"2026-07-01T18:58:24.275306Z","createUser":{"email":"beletetenaw@gmail.com"},"finalizeTime":"2026-07-01T18:58:47.615982Z","finalizeUser":{"email":"beletetenaw@gmail.com"}}
[debug] [2026-07-01T18:58:50.554Z] [hosting] finalized version for tdw:[object Object]
[info] +  hosting[tdw]: version finalized 
[info] i  hosting[tdw]: releasing new version... 
[debug] [2026-07-01T18:58:50.555Z] Checked if tokens are valid: true, expires at: 1782935456602
[debug] [2026-07-01T18:58:50.556Z] Checked if tokens are valid: true, expires at: 1782935456602
[debug] [2026-07-01T18:58:50.556Z] >>> [apiv2][query] POST https://firebasehosting.googleapis.com/v1beta1/projects/-/sites/tdw/channels/live/releases versionName=projects%2F274209810616%2Fsites%2Ftdw%2Fversions%2Fb66cbfa140aea885
[debug] [2026-07-01T18:58:50.558Z] >>> [apiv2][body] POST https://firebasehosting.googleapis.com/v1beta1/projects/-/sites/tdw/channels/live/releases {}
[debug] [2026-07-01T18:58:51.837Z] <<< [apiv2][status] POST https://firebasehosting.googleapis.com/v1beta1/projects/-/sites/tdw/channels/live/releases 200
